<tb>WRPEC0000000treebank</tb>
<tb>WRPEC0000001treebank</tb>
<tb>WRPEC0000002treebank</tb>
<tb>WRPEC0000003treebank</tb>
<tb>WRPEC0000004treebank</tb>
<tb>WRPEC0000005treebank</tb>
<tb>WRPEC0000006treebank</tb>
<tb>WRPEC0000007treebank</tb>
<tb>WRPEC0000008treebank</tb>
<tb>WRPEC0000009treebank</tb>
<tb>WRPEC0000010treebank</tb>
<tb>WRPEC0000011treebank</tb>
<tb>WRPEC0000012treebank</tb>
<tb>WRPEC0000013treebank</tb>
<tb>WRPEC0000014treebank</tb>
<tb>WRPEC0000015treebank</tb>
<tb>WRPEC0000016treebank</tb>
<tb>WRPEC0000017treebank</tb>
<tb>WRPEC0000018treebank</tb>
<tb>WRPEC0000019treebank</tb>
<tb>WRPEC0000020treebank</tb>
<tb>WRPEC0000021treebank</tb>
<tb>WRPEC0000022treebank</tb>
<tb>WRPEC0000023treebank</tb>
<tb>WRPEC0000024treebank</tb>
<tb>WRPEC0000025treebank</tb>
<tb>WRPEC0000026treebank</tb>
<tb>WRPEC0000027treebank</tb>
<tb>WRPEC0000028treebank</tb>
<tb>WRPEC0000029treebank</tb>
<tb>WRPEC0000030treebank</tb>
<tb>WRPEC0000031treebank</tb>
<tb>WRPEC0000032treebank</tb>
<tb>WRPEC0000033treebank</tb>
<tb>WRPEC0000034treebank</tb>
<tb>WRPEC0000035treebank</tb>
<tb>WRPEC0000036treebank</tb>
<tb>WRPEC0000037treebank</tb>
<tb>WRPEC0000038treebank</tb>
<tb>WRPEC0000039treebank</tb>
<tb>WRPEC0000040treebank</tb>
<tb>WRPEC0000041treebank</tb>
<tb>WRPEC0000042treebank</tb>
<tb>WRPEC0000043treebank</tb>
<tb>WRPEC0000044treebank</tb>
<tb>WRPEC0000045treebank</tb>
<tb>WRPEC0000046treebank</tb>
<tb>WRPEC0000047treebank</tb>
<tb>WRPEC0000048treebank</tb>
<tb>WRPEC0000049treebank</tb>
<tb>WRPEC0000050treebank</tb>
<tb>WRPEC0000051treebank</tb>
<tb>WRPEC0000052treebank</tb>
<tb>WRPEC0000053treebank</tb>
<tb>WRPEC0000054treebank</tb>
<tb>WRPEC0000055treebank</tb>