<tb>WRPEG0000000treebank</tb>
<tb>WRPEG0000001treebank</tb>
<tb>WRPEG0000002treebank</tb>
<tb>WRPEG0000003treebank</tb>
<tb>WRPEG0000004treebank</tb>
<tb>WRPEG0000005treebank</tb>
<tb>WRPEG0000006treebank</tb>
<tb>WRPEG0000007treebank</tb>
<tb>WRPEG0000008treebank</tb>
<tb>WRPEG0000009treebank</tb>
<tb>WRPEG0000010treebank</tb>
<tb>WRPEG0000011treebank</tb>
<tb>WRPEG0000012treebank</tb>
<tb>WRPEG0000013treebank</tb>
<tb>WRPEG0000014treebank</tb>
<tb>WRPEG0000015treebank</tb>
<tb>WRPEG0000016treebank</tb>
<tb>WRPEG0000017treebank</tb>
<tb>WRPEG0000018treebank</tb>
<tb>WRPEG0000019treebank</tb>
<tb>WRPEG0000020treebank</tb>
<tb>WRPEG0000021treebank</tb>
<tb>WRPEG0000022treebank</tb>
<tb>WRPEG0000023treebank</tb>
<tb>WRPEG0000024treebank</tb>
<tb>WRPEG0000025treebank</tb>
<tb>WRPEG0000026treebank</tb>
<tb>WRPEG0000027treebank</tb>
<tb>WRPEG0000028treebank</tb>
<tb>WRPEG0000029treebank</tb>
<tb>WRPEG0000030treebank</tb>
<tb>WRPEG0000031treebank</tb>
<tb>WRPEG0000032treebank</tb>
<tb>WRPEG0000033treebank</tb>
<tb>WRPEG0000034treebank</tb>
<tb>WRPEG0000035treebank</tb>
<tb>WRPEG0000036treebank</tb>
<tb>WRPEG0000037treebank</tb>
<tb>WRPEG0000038treebank</tb>
<tb>WRPEG0000039treebank</tb>
<tb>WRPEG0000040treebank</tb>
<tb>WRPEG0000041treebank</tb>
<tb>WRPEG0000042treebank</tb>
<tb>WRPEG0000043treebank</tb>
<tb>WRPEG0000044treebank</tb>
<tb>WRPEG0000045treebank</tb>
<tb>WRPEG0000046treebank</tb>
<tb>WRPEG0000047treebank</tb>
<tb>WRPEG0000048treebank</tb>
<tb>WRPEG0000049treebank</tb>
<tb>WRPEG0000050treebank</tb>
<tb>WRPEG0000051treebank</tb>
<tb>WRPEG0000052treebank</tb>
<tb>WRPEG0000053treebank</tb>
<tb>WRPEG0000054treebank</tb>
<tb>WRPEG0000055treebank</tb>
<tb>WRPEG0000056treebank</tb>
<tb>WRPEG0000057treebank</tb>
<tb>WRPEG0000058treebank</tb>
<tb>WRPEG0000059treebank</tb>
<tb>WRPEG0000060treebank</tb>
<tb>WRPEG0000061treebank</tb>
<tb>WRPEG0000062treebank</tb>
<tb>WRPEG0000063treebank</tb>
<tb>WRPEG0000064treebank</tb>
<tb>WRPEG0000065treebank</tb>
<tb>WRPEG0000066treebank</tb>
<tb>WRPEG0000067treebank</tb>
<tb>WRPEG0000068treebank</tb>
<tb>WRPEG0000069treebank</tb>
<tb>WRPEG0000070treebank</tb>
<tb>WRPEG0000071treebank</tb>
<tb>WRPEG0000072treebank</tb>
<tb>WRPEG0000073treebank</tb>
<tb>WRPEG0000074treebank</tb>
<tb>WRPEG0000075treebank</tb>
<tb>WRPEG0000076treebank</tb>
<tb>WRPEG0000077treebank</tb>
<tb>WRPEG0000078treebank</tb>
<tb>WRPEG0000079treebank</tb>
<tb>WRPEG0000080treebank</tb>
<tb>WRPEG0000081treebank</tb>
<tb>WRPEG0000082treebank</tb>
<tb>WRPEG0000083treebank</tb>
<tb>WRPEG0000084treebank</tb>
<tb>WRPEG0000085treebank</tb>
<tb>WRPEG0000086treebank</tb>
<tb>WRPEG0000087treebank</tb>
<tb>WRPEG0000088treebank</tb>
<tb>WRPEG0000089treebank</tb>
<tb>WRPEG0000090treebank</tb>
<tb>WRPEG0000091treebank</tb>
<tb>WRPEG0000092treebank</tb>
<tb>WRPEG0000093treebank</tb>
<tb>WRPEG0000094treebank</tb>
<tb>WRPEG0000095treebank</tb>
<tb>WRPEG0000096treebank</tb>
<tb>WRPEG0000097treebank</tb>
<tb>WRPEG0000098treebank</tb>
<tb>WRPEG0000099treebank</tb>
<tb>WRPEG0000100treebank</tb>
<tb>WRPEG0000101treebank</tb>
<tb>WRPEG0000102treebank</tb>
<tb>WRPEG0000103treebank</tb>
<tb>WRPEG0000104treebank</tb>
<tb>WRPEG0000105treebank</tb>
<tb>WRPEG0000106treebank</tb>
<tb>WRPEG0000107treebank</tb>
<tb>WRPEG0000108treebank</tb>
<tb>WRPEG0000109treebank</tb>
<tb>WRPEG0000110treebank</tb>
<tb>WRPEG0000111treebank</tb>
<tb>WRPEG0000112treebank</tb>
<tb>WRPEG0000113treebank</tb>
<tb>WRPEG0000114treebank</tb>
<tb>WRPEG0000115treebank</tb>
<tb>WRPEG0000116treebank</tb>
<tb>WRPEG0000117treebank</tb>
<tb>WRPEG0000118treebank</tb>
<tb>WRPEG0000119treebank</tb>
<tb>WRPEG0000120treebank</tb>
<tb>WRPEG0000121treebank</tb>
<tb>WRPEG0000122treebank</tb>
<tb>WRPEG0000123treebank</tb>
<tb>WRPEG0000124treebank</tb>
<tb>WRPEG0000125treebank</tb>
<tb>WRPEG0000126treebank</tb>
<tb>WRPEG0000127treebank</tb>
<tb>WRPEG0000128treebank</tb>
<tb>WRPEG0000129treebank</tb>
<tb>WRPEG0000130treebank</tb>
<tb>WRPEG0000131treebank</tb>
<tb>WRPEG0000132treebank</tb>
<tb>WRPEG0000133treebank</tb>
<tb>WRPEG0000134treebank</tb>
<tb>WRPEG0000135treebank</tb>
<tb>WRPEG0000136treebank</tb>
<tb>WRPEG0000137treebank</tb>
<tb>WRPEG0000138treebank</tb>
<tb>WRPEG0000139treebank</tb>
<tb>WRPEG0000140treebank</tb>
<tb>WRPEG0000141treebank</tb>
<tb>WRPEG0000142treebank</tb>
<tb>WRPEG0000143treebank</tb>
<tb>WRPEG0000144treebank</tb>
<tb>WRPEG0000145treebank</tb>
<tb>WRPEG0000146treebank</tb>
<tb>WRPEG0000147treebank</tb>
<tb>WRPEG0000148treebank</tb>
<tb>WRPEG0000149treebank</tb>
<tb>WRPEG0000150treebank</tb>
<tb>WRPEG0000151treebank</tb>
<tb>WRPEG0000152treebank</tb>
<tb>WRPEG0000153treebank</tb>
<tb>WRPEG0000154treebank</tb>
<tb>WRPEG0000155treebank</tb>
<tb>WRPEG0000156treebank</tb>
<tb>WRPEG0000157treebank</tb>
<tb>WRPEG0000158treebank</tb>
<tb>WRPEG0000159treebank</tb>
<tb>WRPEG0000160treebank</tb>
<tb>WRPEG0000161treebank</tb>
<tb>WRPEG0000162treebank</tb>
<tb>WRPEG0000163treebank</tb>
<tb>WRPEG0000164treebank</tb>
<tb>WRPEG0000165treebank</tb>
<tb>WRPEG0000166treebank</tb>
<tb>WRPEG0000167treebank</tb>
<tb>WRPEG0000168treebank</tb>
<tb>WRPEG0000169treebank</tb>
<tb>WRPEG0000170treebank</tb>
<tb>WRPEG0000171treebank</tb>
<tb>WRPEG0000172treebank</tb>
<tb>WRPEG0000173treebank</tb>
<tb>WRPEG0000174treebank</tb>
<tb>WRPEG0000175treebank</tb>
<tb>WRPEG0000176treebank</tb>
<tb>WRPEG0000177treebank</tb>
<tb>WRPEG0000178treebank</tb>
<tb>WRPEG0000179treebank</tb>
<tb>WRPEG0000180treebank</tb>
<tb>WRPEG0000181treebank</tb>
<tb>WRPEG0000182treebank</tb>
<tb>WRPEG0000183treebank</tb>
<tb>WRPEG0000184treebank</tb>
<tb>WRPEG0000185treebank</tb>
<tb>WRPEG0000186treebank</tb>
<tb>WRPEG0000187treebank</tb>
<tb>WRPEG0000188treebank</tb>
<tb>WRPEG0000189treebank</tb>
<tb>WRPEG0000190treebank</tb>
<tb>WRPEG0000191treebank</tb>
<tb>WRPEG0000192treebank</tb>
<tb>WRPEG0000193treebank</tb>
<tb>WRPEG0000194treebank</tb>
<tb>WRPEG0000195treebank</tb>
<tb>WRPEG0000196treebank</tb>
<tb>WRPEG0000197treebank</tb>
<tb>WRPEG0000198treebank</tb>
<tb>WRPEG0000199treebank</tb>
<tb>WRPEG0000200treebank</tb>
<tb>WRPEG0000201treebank</tb>
<tb>WRPEG0000202treebank</tb>
<tb>WRPEG0000203treebank</tb>
<tb>WRPEG0000204treebank</tb>
<tb>WRPEG0000205treebank</tb>
<tb>WRPEG0000206treebank</tb>
<tb>WRPEG0000207treebank</tb>
<tb>WRPEG0000208treebank</tb>
<tb>WRPEG0000209treebank</tb>
<tb>WRPEG0000210treebank</tb>
<tb>WRPEG0000211treebank</tb>
<tb>WRPEG0000212treebank</tb>
<tb>WRPEG0000213treebank</tb>
<tb>WRPEG0000214treebank</tb>
<tb>WRPEG0000215treebank</tb>
<tb>WRPEG0000216treebank</tb>
<tb>WRPEG0000217treebank</tb>
<tb>WRPEG0000218treebank</tb>
<tb>WRPEG0000219treebank</tb>
<tb>WRPEG0000220treebank</tb>
<tb>WRPEG0000221treebank</tb>
<tb>WRPEG0000222treebank</tb>
<tb>WRPEG0000223treebank</tb>
<tb>WRPEG0000224treebank</tb>
<tb>WRPEG0000225treebank</tb>
<tb>WRPEG0000226treebank</tb>
<tb>WRPEG0000227treebank</tb>
<tb>WRPEG0000228treebank</tb>
<tb>WRPEG0000229treebank</tb>
<tb>WRPEG0000230treebank</tb>
<tb>WRPEG0000231treebank</tb>
<tb>WRPEG0000232treebank</tb>
<tb>WRPEG0000233treebank</tb>
<tb>WRPEG0000234treebank</tb>
<tb>WRPEG0000235treebank</tb>
<tb>WRPEG0000236treebank</tb>
<tb>WRPEG0000237treebank</tb>
<tb>WRPEG0000238treebank</tb>
<tb>WRPEG0000239treebank</tb>
<tb>WRPEG0000240treebank</tb>
<tb>WRPEG0000241treebank</tb>
<tb>WRPEG0000242treebank</tb>
<tb>WRPEG0000243treebank</tb>
<tb>WRPEG0000244treebank</tb>
<tb>WRPEG0000245treebank</tb>
<tb>WRPEG0000246treebank</tb>
<tb>WRPEG0000247treebank</tb>
<tb>WRPEG0000248treebank</tb>
<tb>WRPEG0000249treebank</tb>
<tb>WRPEG0000250treebank</tb>
<tb>WRPEG0000251treebank</tb>
<tb>WRPEG0000252treebank</tb>
<tb>WRPEG0000253treebank</tb>
<tb>WRPEG0000254treebank</tb>
<tb>WRPEG0000255treebank</tb>
<tb>WRPEG0000256treebank</tb>
<tb>WRPEG0000257treebank</tb>
<tb>WRPEG0000258treebank</tb>
<tb>WRPEG0000259treebank</tb>
<tb>WRPEG0000260treebank</tb>
<tb>WRPEG0000261treebank</tb>
<tb>WRPEG0000262treebank</tb>
<tb>WRPEG0000263treebank</tb>
<tb>WRPEG0000264treebank</tb>
<tb>WRPEG0000265treebank</tb>
<tb>WRPEG0000266treebank</tb>
<tb>WRPEG0000267treebank</tb>
<tb>WRPEG0000268treebank</tb>
<tb>WRPEG0000269treebank</tb>
<tb>WRPEG0000270treebank</tb>
<tb>WRPEG0000271treebank</tb>
<tb>WRPEG0000272treebank</tb>
<tb>WRPEG0000273treebank</tb>
<tb>WRPEG0000274treebank</tb>
<tb>WRPEG0000275treebank</tb>
<tb>WRPEG0000276treebank</tb>
<tb>WRPEG0000277treebank</tb>
<tb>WRPEG0000278treebank</tb>
<tb>WRPEG0000279treebank</tb>
<tb>WRPEG0000280treebank</tb>
<tb>WRPEG0000281treebank</tb>
<tb>WRPEG0000282treebank</tb>
<tb>WRPEG0000283treebank</tb>
<tb>WRPEG0000284treebank</tb>
<tb>WRPEG0000285treebank</tb>
<tb>WRPEG0000286treebank</tb>
<tb>WRPEG0000287treebank</tb>
<tb>WRPEG0000288treebank</tb>
<tb>WRPEG0000289treebank</tb>
<tb>WRPEG0000290treebank</tb>
<tb>WRPEG0000291treebank</tb>
<tb>WRPEG0000292treebank</tb>
<tb>WRPEG0000293treebank</tb>
<tb>WRPEG0000294treebank</tb>
<tb>WRPEG0000295treebank</tb>
<tb>WRPEG0000296treebank</tb>
<tb>WRPEG0000297treebank</tb>
<tb>WRPEG0000298treebank</tb>
<tb>WRPEG0000299treebank</tb>
<tb>WRPEG0000300treebank</tb>
<tb>WRPEG0000301treebank</tb>
<tb>WRPEG0000302treebank</tb>
<tb>WRPEG0000303treebank</tb>
<tb>WRPEG0000304treebank</tb>
<tb>WRPEG0000305treebank</tb>
<tb>WRPEG0000306treebank</tb>
<tb>WRPEG0000307treebank</tb>
<tb>WRPEG0000308treebank</tb>
<tb>WRPEG0000309treebank</tb>
<tb>WRPEG0000310treebank</tb>
<tb>WRPEG0000311treebank</tb>
<tb>WRPEG0000312treebank</tb>
<tb>WRPEG0000313treebank</tb>
<tb>WRPEG0000314treebank</tb>
<tb>WRPEG0000315treebank</tb>
<tb>WRPEG0000316treebank</tb>
<tb>WRPEG0000317treebank</tb>
<tb>WRPEG0000318treebank</tb>
<tb>WRPEG0000319treebank</tb>
<tb>WRPEG0000320treebank</tb>
<tb>WRPEG0000321treebank</tb>
<tb>WRPEG0000322treebank</tb>
<tb>WRPEG0000323treebank</tb>
<tb>WRPEG0000324treebank</tb>
<tb>WRPEG0000325treebank</tb>
<tb>WRPEG0000326treebank</tb>
<tb>WRPEG0000327treebank</tb>
<tb>WRPEG0000328treebank</tb>
<tb>WRPEG0000329treebank</tb>
<tb>WRPEG0000330treebank</tb>
<tb>WRPEG0000331treebank</tb>
<tb>WRPEG0000332treebank</tb>
<tb>WRPEG0000333treebank</tb>
<tb>WRPEG0000334treebank</tb>
<tb>WRPEG0000335treebank</tb>
<tb>WRPEG0000336treebank</tb>
<tb>WRPEG0000337treebank</tb>
<tb>WRPEG0000338treebank</tb>
<tb>WRPEG0000339treebank</tb>
<tb>WRPEG0000340treebank</tb>
<tb>WRPEG0000341treebank</tb>
<tb>WRPEG0000342treebank</tb>
<tb>WRPEG0000343treebank</tb>
<tb>WRPEG0000344treebank</tb>
<tb>WRPEG0000345treebank</tb>
<tb>WRPEG0000346treebank</tb>
<tb>WRPEG0000347treebank</tb>
<tb>WRPEG0000348treebank</tb>
<tb>WRPEG0000349treebank</tb>
<tb>WRPEG0000350treebank</tb>
<tb>WRPEG0000351treebank</tb>
<tb>WRPEG0000352treebank</tb>
<tb>WRPEG0000353treebank</tb>
<tb>WRPEG0000354treebank</tb>
<tb>WRPEG0000355treebank</tb>
<tb>WRPEG0000356treebank</tb>
<tb>WRPEG0000357treebank</tb>
<tb>WRPEG0000358treebank</tb>
<tb>WRPEG0000359treebank</tb>
<tb>WRPEG0000360treebank</tb>
<tb>WRPEG0000361treebank</tb>
<tb>WRPEG0000362treebank</tb>
<tb>WRPEG0000363treebank</tb>
<tb>WRPEG0000364treebank</tb>
<tb>WRPEG0000365treebank</tb>
<tb>WRPEG0000366treebank</tb>
<tb>WRPEG0000367treebank</tb>
<tb>WRPEG0000368treebank</tb>
<tb>WRPEG0000369treebank</tb>
<tb>WRPEG0000370treebank</tb>
<tb>WRPEG0000371treebank</tb>
<tb>WRPEG0000372treebank</tb>
<tb>WRPEG0000373treebank</tb>
<tb>WRPEG0000374treebank</tb>
<tb>WRPEG0000375treebank</tb>
<tb>WRPEG0000376treebank</tb>
<tb>WRPEG0000377treebank</tb>
<tb>WRPEG0000378treebank</tb>
<tb>WRPEG0000379treebank</tb>
<tb>WRPEG0000380treebank</tb>
<tb>WRPEG0000381treebank</tb>
<tb>WRPEG0000382treebank</tb>
<tb>WRPEG0000383treebank</tb>
<tb>WRPEG0000384treebank</tb>
<tb>WRPEG0000385treebank</tb>
<tb>WRPEG0000386treebank</tb>
<tb>WRPEG0000387treebank</tb>
<tb>WRPEG0000388treebank</tb>
<tb>WRPEG0000389treebank</tb>
<tb>WRPEG0000390treebank</tb>
<tb>WRPEG0000391treebank</tb>
<tb>WRPEG0000392treebank</tb>
<tb>WRPEG0000393treebank</tb>
<tb>WRPEG0000394treebank</tb>
<tb>WRPEG0000395treebank</tb>
<tb>WRPEG0000396treebank</tb>
<tb>WRPEG0000397treebank</tb>
<tb>WRPEG0000398treebank</tb>
<tb>WRPEG0000399treebank</tb>
<tb>WRPEG0000400treebank</tb>
<tb>WRPEG0000401treebank</tb>
<tb>WRPEG0000402treebank</tb>
<tb>WRPEG0000403treebank</tb>
<tb>WRPEG0000404treebank</tb>
<tb>WRPEG0000405treebank</tb>
<tb>WRPEG0000406treebank</tb>
<tb>WRPEG0000407treebank</tb>
<tb>WRPEG0000408treebank</tb>