<tb>WRPEA0000000treebank</tb>
<tb>WRPEA0000001treebank</tb>
<tb>WRPEA0000002treebank</tb>
<tb>WRPEA0000003treebank</tb>
<tb>WRPEA0000004treebank</tb>
<tb>WRPEA0000005treebank</tb>
<tb>WRPEA0000006treebank</tb>
<tb>WRPEA0000007treebank</tb>
<tb>WRPEA0000008treebank</tb>
<tb>WRPEA0000009treebank</tb>
<tb>WRPEA0000010treebank</tb>
<tb>WRPEA0000011treebank</tb>
<tb>WRPEA0000012treebank</tb>
<tb>WRPEA0000013treebank</tb>
<tb>WRPEA0000014treebank</tb>
<tb>WRPEA0000015treebank</tb>
<tb>WRPEA0000016treebank</tb>
<tb>WRPEA0000017treebank</tb>
<tb>WRPEA0000018treebank</tb>
<tb>WRPEA0000019treebank</tb>
<tb>WRPEA0000020treebank</tb>
<tb>WRPEA0000021treebank</tb>
<tb>WRPEA0000022treebank</tb>
<tb>WRPEA0000023treebank</tb>
<tb>WRPEA0000024treebank</tb>
<tb>WRPEA0000025treebank</tb>
<tb>WRPEA0000026treebank</tb>
<tb>WRPEA0000027treebank</tb>
<tb>WRPEA0000028treebank</tb>
<tb>WRPEA0000029treebank</tb>
<tb>WRPEA0000030treebank</tb>
<tb>WRPEA0000031treebank</tb>
<tb>WRPEA0000032treebank</tb>
<tb>WRPEA0000033treebank</tb>
<tb>WRPEA0000034treebank</tb>
<tb>WRPEA0000035treebank</tb>
<tb>WRPEA0000036treebank</tb>
<tb>WRPEA0000037treebank</tb>
<tb>WRPEA0000038treebank</tb>
<tb>WRPEA0000039treebank</tb>
<tb>WRPEA0000040treebank</tb>
<tb>WRPEA0000041treebank</tb>
<tb>WRPEA0000042treebank</tb>
<tb>WRPEA0000043treebank</tb>
<tb>WRPEA0000044treebank</tb>
<tb>WRPEA0000045treebank</tb>
<tb>WRPEA0000046treebank</tb>
<tb>WRPEA0000047treebank</tb>
<tb>WRPEA0000048treebank</tb>
<tb>WRPEA0000049treebank</tb>
<tb>WRPEA0000050treebank</tb>
<tb>WRPEA0000051treebank</tb>
<tb>WRPEA0000052treebank</tb>
<tb>WRPEA0000053treebank</tb>
<tb>WRPEA0000054treebank</tb>
<tb>WRPEA0000055treebank</tb>
<tb>WRPEA0000056treebank</tb>
<tb>WRPEA0000057treebank</tb>
<tb>WRPEA0000058treebank</tb>
<tb>WRPEA0000059treebank</tb>
<tb>WRPEA0000060treebank</tb>
<tb>WRPEA0000061treebank</tb>
<tb>WRPEA0000062treebank</tb>
<tb>WRPEA0000063treebank</tb>
<tb>WRPEA0000064treebank</tb>
<tb>WRPEA0000065treebank</tb>
<tb>WRPEA0000066treebank</tb>
<tb>WRPEA0000067treebank</tb>
<tb>WRPEA0000068treebank</tb>
<tb>WRPEA0000069treebank</tb>
<tb>WRPEA0000070treebank</tb>
<tb>WRPEA0000071treebank</tb>
<tb>WRPEA0000072treebank</tb>
<tb>WRPEA0000073treebank</tb>
<tb>WRPEA0000074treebank</tb>
<tb>WRPEA0000075treebank</tb>
<tb>WRPEA0000076treebank</tb>
<tb>WRPEA0000077treebank</tb>
<tb>WRPEA0000078treebank</tb>
<tb>WRPEA0000079treebank</tb>
<tb>WRPEA0000080treebank</tb>
<tb>WRPEA0000081treebank</tb>
<tb>WRPEA0000082treebank</tb>
<tb>WRPEA0000083treebank</tb>
<tb>WRPEA0000084treebank</tb>
<tb>WRPEA0000085treebank</tb>
<tb>WRPEA0000086treebank</tb>
<tb>WRPEA0000087treebank</tb>
<tb>WRPEA0000088treebank</tb>
<tb>WRPEA0000089treebank</tb>
<tb>WRPEA0000090treebank</tb>
<tb>WRPEA0000091treebank</tb>
<tb>WRPEA0000092treebank</tb>
<tb>WRPEA0000093treebank</tb>
<tb>WRPEA0000094treebank</tb>
<tb>WRPEA0000095treebank</tb>
<tb>WRPEA0000096treebank</tb>
<tb>WRPEA0000097treebank</tb>
<tb>WRPEA0000098treebank</tb>
<tb>WRPEA0000099treebank</tb>
<tb>WRPEA0000100treebank</tb>
<tb>WRPEA0000101treebank</tb>
<tb>WRPEA0000102treebank</tb>
<tb>WRPEA0000103treebank</tb>
<tb>WRPEA0000104treebank</tb>
<tb>WRPEA0000105treebank</tb>
<tb>WRPEA0000106treebank</tb>
<tb>WRPEA0000107treebank</tb>
<tb>WRPEA0000108treebank</tb>
<tb>WRPEA0000109treebank</tb>
<tb>WRPEA0000110treebank</tb>
<tb>WRPEA0000111treebank</tb>
<tb>WRPEA0000112treebank</tb>
<tb>WRPEA0000113treebank</tb>
<tb>WRPEA0000114treebank</tb>
<tb>WRPEA0000115treebank</tb>
<tb>WRPEA0000116treebank</tb>
<tb>WRPEA0000117treebank</tb>
<tb>WRPEA0000118treebank</tb>
<tb>WRPEA0000119treebank</tb>
<tb>WRPEA0000120treebank</tb>
<tb>WRPEA0000121treebank</tb>
<tb>WRPEA0000122treebank</tb>
<tb>WRPEA0000123treebank</tb>
<tb>WRPEA0000124treebank</tb>
<tb>WRPEA0000125treebank</tb>
<tb>WRPEA0000126treebank</tb>
<tb>WRPEA0000127treebank</tb>
<tb>WRPEA0000128treebank</tb>
<tb>WRPEA0000129treebank</tb>
<tb>WRPEA0000130treebank</tb>
<tb>WRPEA0000131treebank</tb>
<tb>WRPEA0000132treebank</tb>
<tb>WRPEA0000133treebank</tb>
<tb>WRPEA0000134treebank</tb>
<tb>WRPEA0000135treebank</tb>
<tb>WRPEA0000136treebank</tb>
<tb>WRPEA0000137treebank</tb>
<tb>WRPEA0000138treebank</tb>
<tb>WRPEA0000139treebank</tb>
<tb>WRPEA0000140treebank</tb>
<tb>WRPEA0000141treebank</tb>
<tb>WRPEA0000142treebank</tb>
<tb>WRPEA0000143treebank</tb>
<tb>WRPEA0000144treebank</tb>
<tb>WRPEA0000145treebank</tb>
<tb>WRPEA0000146treebank</tb>
<tb>WRPEA0000147treebank</tb>
<tb>WRPEA0000148treebank</tb>
<tb>WRPEA0000149treebank</tb>
<tb>WRPEA0000150treebank</tb>
<tb>WRPEA0000151treebank</tb>
<tb>WRPEA0000152treebank</tb>
<tb>WRPEA0000153treebank</tb>
<tb>WRPEA0000154treebank</tb>
<tb>WRPEA0000155treebank</tb>
<tb>WRPEA0000156treebank</tb>
<tb>WRPEA0000157treebank</tb>
<tb>WRPEA0000158treebank</tb>
<tb>WRPEA0000159treebank</tb>
<tb>WRPEA0000160treebank</tb>
<tb>WRPEA0000161treebank</tb>
<tb>WRPEA0000162treebank</tb>
<tb>WRPEA0000163treebank</tb>
<tb>WRPEA0000164treebank</tb>
<tb>WRPEA0000165treebank</tb>
<tb>WRPEA0000166treebank</tb>
<tb>WRPEA0000167treebank</tb>
<tb>WRPEA0000168treebank</tb>
<tb>WRPEA0000169treebank</tb>
<tb>WRPEA0000170treebank</tb>
<tb>WRPEA0000171treebank</tb>
<tb>WRPEA0000172treebank</tb>
<tb>WRPEA0000173treebank</tb>
<tb>WRPEA0000174treebank</tb>
<tb>WRPEA0000175treebank</tb>
<tb>WRPEA0000176treebank</tb>
<tb>WRPEA0000177treebank</tb>
<tb>WRPEA0000178treebank</tb>
<tb>WRPEA0000179treebank</tb>
<tb>WRPEA0000180treebank</tb>
<tb>WRPEA0000181treebank</tb>
<tb>WRPEA0000182treebank</tb>
<tb>WRPEA0000183treebank</tb>
<tb>WRPEA0000184treebank</tb>
<tb>WRPEA0000185treebank</tb>
<tb>WRPEA0000186treebank</tb>
<tb>WRPEA0000187treebank</tb>
<tb>WRPEA0000188treebank</tb>
<tb>WRPEA0000189treebank</tb>
<tb>WRPEA0000190treebank</tb>
<tb>WRPEA0000191treebank</tb>
<tb>WRPEA0000192treebank</tb>
<tb>WRPEA0000193treebank</tb>
<tb>WRPEA0000194treebank</tb>
<tb>WRPEA0000195treebank</tb>
<tb>WRPEA0000196treebank</tb>
<tb>WRPEA0000197treebank</tb>
<tb>WRPEA0000198treebank</tb>
<tb>WRPEA0000199treebank</tb>
<tb>WRPEA0000200treebank</tb>
<tb>WRPEA0000201treebank</tb>
<tb>WRPEA0000202treebank</tb>
<tb>WRPEA0000203treebank</tb>
<tb>WRPEA0000204treebank</tb>
<tb>WRPEA0000205treebank</tb>
<tb>WRPEA0000206treebank</tb>
<tb>WRPEA0000207treebank</tb>
<tb>WRPEA0000208treebank</tb>
<tb>WRPEA0000209treebank</tb>
<tb>WRPEA0000210treebank</tb>
<tb>WRPEA0000211treebank</tb>
<tb>WRPEA0000212treebank</tb>
<tb>WRPEA0000213treebank</tb>
<tb>WRPEA0000214treebank</tb>
<tb>WRPEA0000215treebank</tb>
<tb>WRPEA0000216treebank</tb>
<tb>WRPEA0000217treebank</tb>
<tb>WRPEA0000218treebank</tb>
<tb>WRPEA0000219treebank</tb>
<tb>WRPEA0000220treebank</tb>
<tb>WRPEA0000221treebank</tb>
<tb>WRPEA0000222treebank</tb>
<tb>WRPEA0000223treebank</tb>
<tb>WRPEA0000224treebank</tb>
<tb>WRPEA0000225treebank</tb>
<tb>WRPEA0000226treebank</tb>
<tb>WRPEA0000227treebank</tb>
<tb>WRPEA0000228treebank</tb>
<tb>WRPEA0000229treebank</tb>
<tb>WRPEA0000230treebank</tb>
<tb>WRPEA0000231treebank</tb>
<tb>WRPEA0000232treebank</tb>
<tb>WRPEA0000233treebank</tb>
<tb>WRPEA0000234treebank</tb>
<tb>WRPEA0000235treebank</tb>
<tb>WRPEA0000236treebank</tb>
<tb>WRPEA0000237treebank</tb>
<tb>WRPEA0000238treebank</tb>
<tb>WRPEA0000239treebank</tb>
<tb>WRPEA0000240treebank</tb>
<tb>WRPEA0000241treebank</tb>
<tb>WRPEA0000242treebank</tb>
<tb>WRPEA0000243treebank</tb>
<tb>WRPEA0000244treebank</tb>
<tb>WRPEA0000245treebank</tb>
<tb>WRPEA0000246treebank</tb>
<tb>WRPEA0000247treebank</tb>
<tb>WRPEA0000248treebank</tb>
<tb>WRPEA0000249treebank</tb>
<tb>WRPEA0000250treebank</tb>
<tb>WRPEA0000251treebank</tb>
<tb>WRPEA0000252treebank</tb>
<tb>WRPEA0000253treebank</tb>
<tb>WRPEA0000254treebank</tb>
<tb>WRPEA0000255treebank</tb>
<tb>WRPEA0000256treebank</tb>
<tb>WRPEA0000257treebank</tb>
<tb>WRPEA0000258treebank</tb>
<tb>WRPEA0000259treebank</tb>
<tb>WRPEA0000260treebank</tb>
<tb>WRPEA0000261treebank</tb>
<tb>WRPEA0000262treebank</tb>
<tb>WRPEA0000263treebank</tb>
<tb>WRPEA0000264treebank</tb>
<tb>WRPEA0000265treebank</tb>
<tb>WRPEA0000266treebank</tb>
<tb>WRPEA0000267treebank</tb>
<tb>WRPEA0000268treebank</tb>
<tb>WRPEA0000269treebank</tb>
<tb>WRPEA0000270treebank</tb>
<tb>WRPEA0000271treebank</tb>
<tb>WRPEA0000272treebank</tb>
<tb>WRPEA0000273treebank</tb>
<tb>WRPEA0000274treebank</tb>
<tb>WRPEA0000275treebank</tb>
<tb>WRPEA0000276treebank</tb>
<tb>WRPEA0000277treebank</tb>
<tb>WRPEA0000278treebank</tb>
<tb>WRPEA0000279treebank</tb>
<tb>WRPEA0000280treebank</tb>
<tb>WRPEA0000281treebank</tb>
<tb>WRPEA0000282treebank</tb>
<tb>WRPEA0000283treebank</tb>
<tb>WRPEA0000284treebank</tb>
<tb>WRPEA0000285treebank</tb>
<tb>WRPEA0000286treebank</tb>
<tb>WRPEA0000287treebank</tb>
<tb>WRPEA0000288treebank</tb>
<tb>WRPEA0000289treebank</tb>
<tb>WRPEA0000290treebank</tb>
<tb>WRPEA0000291treebank</tb>
<tb>WRPEA0000292treebank</tb>
<tb>WRPEA0000293treebank</tb>
<tb>WRPEA0000294treebank</tb>
<tb>WRPEA0000295treebank</tb>
<tb>WRPEA0000296treebank</tb>
<tb>WRPEA0000297treebank</tb>
<tb>WRPEA0000298treebank</tb>
<tb>WRPEA0000299treebank</tb>
<tb>WRPEA0000300treebank</tb>
<tb>WRPEA0000301treebank</tb>
<tb>WRPEA0000302treebank</tb>
<tb>WRPEA0000303treebank</tb>
<tb>WRPEA0000304treebank</tb>
<tb>WRPEA0000305treebank</tb>
<tb>WRPEA0000306treebank</tb>
<tb>WRPEA0000307treebank</tb>
<tb>WRPEA0000308treebank</tb>
<tb>WRPEA0000309treebank</tb>
<tb>WRPEA0000310treebank</tb>
<tb>WRPEA0000311treebank</tb>
<tb>WRPEA0000312treebank</tb>
<tb>WRPEA0000313treebank</tb>
<tb>WRPEA0000314treebank</tb>
<tb>WRPEA0000315treebank</tb>
<tb>WRPEA0000316treebank</tb>
<tb>WRPEA0000317treebank</tb>
<tb>WRPEA0000318treebank</tb>
<tb>WRPEA0000319treebank</tb>
<tb>WRPEA0000320treebank</tb>
<tb>WRPEA0000321treebank</tb>
<tb>WRPEA0000322treebank</tb>
<tb>WRPEA0000323treebank</tb>
<tb>WRPEA0000324treebank</tb>
<tb>WRPEA0000325treebank</tb>
<tb>WRPEA0000326treebank</tb>
<tb>WRPEA0000327treebank</tb>
<tb>WRPEA0000328treebank</tb>
<tb>WRPEA0000329treebank</tb>
<tb>WRPEA0000330treebank</tb>
<tb>WRPEA0000331treebank</tb>
<tb>WRPEA0000332treebank</tb>
<tb>WRPEA0000333treebank</tb>
<tb>WRPEA0000334treebank</tb>
<tb>WRPEA0000335treebank</tb>
<tb>WRPEA0000336treebank</tb>
<tb>WRPEA0000337treebank</tb>
<tb>WRPEA0000338treebank</tb>
<tb>WRPEA0000339treebank</tb>
<tb>WRPEA0000340treebank</tb>
<tb>WRPEA0000341treebank</tb>
<tb>WRPEA0000342treebank</tb>
<tb>WRPEA0000343treebank</tb>
<tb>WRPEA0000344treebank</tb>
<tb>WRPEA0000345treebank</tb>
<tb>WRPEA0000346treebank</tb>
<tb>WRPEA0000347treebank</tb>
<tb>WRPEA0000348treebank</tb>
<tb>WRPEA0000349treebank</tb>
<tb>WRPEA0000350treebank</tb>
<tb>WRPEA0000351treebank</tb>
<tb>WRPEA0000352treebank</tb>
<tb>WRPEA0000353treebank</tb>
<tb>WRPEA0000354treebank</tb>
<tb>WRPEA0000355treebank</tb>
<tb>WRPEA0000356treebank</tb>
<tb>WRPEA0000357treebank</tb>
<tb>WRPEA0000358treebank</tb>
<tb>WRPEA0000359treebank</tb>
<tb>WRPEA0000360treebank</tb>
<tb>WRPEA0000361treebank</tb>
<tb>WRPEA0000362treebank</tb>
<tb>WRPEA0000363treebank</tb>
<tb>WRPEA0000364treebank</tb>
<tb>WRPEA0000365treebank</tb>
<tb>WRPEA0000366treebank</tb>
<tb>WRPEA0000367treebank</tb>
<tb>WRPEA0000368treebank</tb>
<tb>WRPEA0000369treebank</tb>
<tb>WRPEA0000370treebank</tb>
<tb>WRPEA0000371treebank</tb>
<tb>WRPEA0000372treebank</tb>
<tb>WRPEA0000373treebank</tb>
<tb>WRPEA0000374treebank</tb>
<tb>WRPEA0000375treebank</tb>
<tb>WRPEA0000376treebank</tb>
<tb>WRPEA0000377treebank</tb>
<tb>WRPEA0000378treebank</tb>
<tb>WRPEA0000379treebank</tb>
<tb>WRPEA0000380treebank</tb>
<tb>WRPEA0000381treebank</tb>
<tb>WRPEA0000382treebank</tb>
<tb>WRPEA0000383treebank</tb>
<tb>WRPEA0000384treebank</tb>
<tb>WRPEA0000385treebank</tb>
<tb>WRPEA0000386treebank</tb>
<tb>WRPEA0000387treebank</tb>
<tb>WRPEA0000388treebank</tb>
<tb>WRPEA0000389treebank</tb>
<tb>WRPEA0000390treebank</tb>
<tb>WRPEA0000391treebank</tb>
<tb>WRPEA0000392treebank</tb>
<tb>WRPEA0000393treebank</tb>
<tb>WRPEA0000394treebank</tb>
<tb>WRPEA0000395treebank</tb>
<tb>WRPEA0000396treebank</tb>
<tb>WRPEA0000397treebank</tb>
<tb>WRPEA0000398treebank</tb>
<tb>WRPEA0000399treebank</tb>
<tb>WRPEA0000400treebank</tb>
<tb>WRPEA0000401treebank</tb>
<tb>WRPEA0000402treebank</tb>
<tb>WRPEA0000403treebank</tb>
<tb>WRPEA0000404treebank</tb>
<tb>WRPEA0000405treebank</tb>
<tb>WRPEA0000406treebank</tb>
<tb>WRPEA0000407treebank</tb>
<tb>WRPEA0000408treebank</tb>
<tb>WRPEA0000409treebank</tb>
<tb>WRPEA0000410treebank</tb>
<tb>WRPEA0000411treebank</tb>
<tb>WRPEA0000412treebank</tb>
<tb>WRPEA0000413treebank</tb>
<tb>WRPEA0000414treebank</tb>
<tb>WRPEA0000415treebank</tb>
<tb>WRPEA0000416treebank</tb>
<tb>WRPEA0000417treebank</tb>
<tb>WRPEA0000418treebank</tb>
<tb>WRPEA0000419treebank</tb>
<tb>WRPEA0000420treebank</tb>
<tb>WRPEA0000421treebank</tb>
<tb>WRPEA0000422treebank</tb>
<tb>WRPEA0000423treebank</tb>
<tb>WRPEA0000424treebank</tb>
<tb>WRPEA0000425treebank</tb>
<tb>WRPEA0000426treebank</tb>
<tb>WRPEA0000427treebank</tb>
<tb>WRPEA0000428treebank</tb>
<tb>WRPEA0000429treebank</tb>
<tb>WRPEA0000430treebank</tb>
<tb>WRPEA0000431treebank</tb>
<tb>WRPEA0000432treebank</tb>
<tb>WRPEA0000433treebank</tb>
<tb>WRPEA0000434treebank</tb>
<tb>WRPEA0000435treebank</tb>
<tb>WRPEA0000436treebank</tb>
<tb>WRPEA0000437treebank</tb>
<tb>WRPEA0000438treebank</tb>
<tb>WRPEA0000439treebank</tb>
<tb>WRPEA0000440treebank</tb>