<tb>WRPEJ0000000treebank</tb>
<tb>WRPEJ0000001treebank</tb>
<tb>WRPEJ0000002treebank</tb>
<tb>WRPEJ0000003treebank</tb>
<tb>WRPEJ0000004treebank</tb>
<tb>WRPEJ0000005treebank</tb>
<tb>WRPEJ0000006treebank</tb>
<tb>WRPEJ0000007treebank</tb>
<tb>WRPEJ0000008treebank</tb>
<tb>WRPEJ0000009treebank</tb>
<tb>WRPEJ0000010treebank</tb>
<tb>WRPEJ0000011treebank</tb>
<tb>WRPEJ0000012treebank</tb>
<tb>WRPEJ0000013treebank</tb>
<tb>WRPEJ0000014treebank</tb>
<tb>WRPEJ0000015treebank</tb>
<tb>WRPEJ0000016treebank</tb>
<tb>WRPEJ0000017treebank</tb>
<tb>WRPEJ0000018treebank</tb>
<tb>WRPEJ0000019treebank</tb>
<tb>WRPEJ0000020treebank</tb>
<tb>WRPEJ0000021treebank</tb>
<tb>WRPEJ0000022treebank</tb>
<tb>WRPEJ0000023treebank</tb>
<tb>WRPEJ0000024treebank</tb>
<tb>WRPEJ0000025treebank</tb>
<tb>WRPEJ0000026treebank</tb>
<tb>WRPEJ0000027treebank</tb>
<tb>WRPEJ0000028treebank</tb>
<tb>WRPEJ0000029treebank</tb>
<tb>WRPEJ0000030treebank</tb>
<tb>WRPEJ0000031treebank</tb>
<tb>WRPEJ0000032treebank</tb>
<tb>WRPEJ0000033treebank</tb>
<tb>WRPEJ0000034treebank</tb>
<tb>WRPEJ0000035treebank</tb>
<tb>WRPEJ0000036treebank</tb>
<tb>WRPEJ0000037treebank</tb>
<tb>WRPEJ0000038treebank</tb>
<tb>WRPEJ0000039treebank</tb>
<tb>WRPEJ0000040treebank</tb>
<tb>WRPEJ0000041treebank</tb>
<tb>WRPEJ0000042treebank</tb>
<tb>WRPEJ0000043treebank</tb>
<tb>WRPEJ0000044treebank</tb>
<tb>WRPEJ0000045treebank</tb>
<tb>WRPEJ0000046treebank</tb>
<tb>WRPEJ0000047treebank</tb>
<tb>WRPEJ0000048treebank</tb>
<tb>WRPEJ0000049treebank</tb>
<tb>WRPEJ0000050treebank</tb>
<tb>WRPEJ0000051treebank</tb>
<tb>WRPEJ0000052treebank</tb>
<tb>WRPEJ0000053treebank</tb>
<tb>WRPEJ0000054treebank</tb>
<tb>WRPEJ0000055treebank</tb>
<tb>WRPEJ0000056treebank</tb>
<tb>WRPEJ0000057treebank</tb>
<tb>WRPEJ0000058treebank</tb>
<tb>WRPEJ0000059treebank</tb>
<tb>WRPEJ0000060treebank</tb>
<tb>WRPEJ0000061treebank</tb>
<tb>WRPEJ0000062treebank</tb>
<tb>WRPEJ0000063treebank</tb>
<tb>WRPEJ0000064treebank</tb>
<tb>WRPEJ0000065treebank</tb>
<tb>WRPEJ0000066treebank</tb>
<tb>WRPEJ0000067treebank</tb>
<tb>WRPEJ0000068treebank</tb>
<tb>WRPEJ0000069treebank</tb>
<tb>WRPEJ0000070treebank</tb>
<tb>WRPEJ0000071treebank</tb>
<tb>WRPEJ0000072treebank</tb>
<tb>WRPEJ0000073treebank</tb>
<tb>WRPEJ0000074treebank</tb>
<tb>WRPEJ0000075treebank</tb>
<tb>WRPEJ0000076treebank</tb>
<tb>WRPEJ0000077treebank</tb>
<tb>WRPEJ0000078treebank</tb>
<tb>WRPEJ0000079treebank</tb>
<tb>WRPEJ0000080treebank</tb>
<tb>WRPEJ0000081treebank</tb>
<tb>WRPEJ0000082treebank</tb>
<tb>WRPEJ0000083treebank</tb>
<tb>WRPEJ0000084treebank</tb>
<tb>WRPEJ0000085treebank</tb>
<tb>WRPEJ0000086treebank</tb>
<tb>WRPEJ0000087treebank</tb>
<tb>WRPEJ0000088treebank</tb>
<tb>WRPEJ0000089treebank</tb>
<tb>WRPEJ0000090treebank</tb>
<tb>WRPEJ0000091treebank</tb>
<tb>WRPEJ0000092treebank</tb>
<tb>WRPEJ0000093treebank</tb>
<tb>WRPEJ0000094treebank</tb>
<tb>WRPEJ0000095treebank</tb>
<tb>WRPEJ0000096treebank</tb>
<tb>WRPEJ0000097treebank</tb>
<tb>WRPEJ0000098treebank</tb>
<tb>WRPEJ0000099treebank</tb>
<tb>WRPEJ0000100treebank</tb>
<tb>WRPEJ0000101treebank</tb>
<tb>WRPEJ0000102treebank</tb>
<tb>WRPEJ0000103treebank</tb>
<tb>WRPEJ0000104treebank</tb>
<tb>WRPEJ0000105treebank</tb>
<tb>WRPEJ0000106treebank</tb>
<tb>WRPEJ0000107treebank</tb>
<tb>WRPEJ0000108treebank</tb>
<tb>WRPEJ0000109treebank</tb>
<tb>WRPEJ0000110treebank</tb>
<tb>WRPEJ0000111treebank</tb>
<tb>WRPEJ0000112treebank</tb>
<tb>WRPEJ0000113treebank</tb>
<tb>WRPEJ0000114treebank</tb>
<tb>WRPEJ0000115treebank</tb>
<tb>WRPEJ0000116treebank</tb>
<tb>WRPEJ0000117treebank</tb>
<tb>WRPEJ0000118treebank</tb>
<tb>WRPEJ0000119treebank</tb>
<tb>WRPEJ0000120treebank</tb>
<tb>WRPEJ0000121treebank</tb>
<tb>WRPEJ0000122treebank</tb>
<tb>WRPEJ0000123treebank</tb>
<tb>WRPEJ0000124treebank</tb>
<tb>WRPEJ0000125treebank</tb>
<tb>WRPEJ0000126treebank</tb>
<tb>WRPEJ0000127treebank</tb>
<tb>WRPEJ0000128treebank</tb>
<tb>WRPEJ0000129treebank</tb>
<tb>WRPEJ0000130treebank</tb>
<tb>WRPEJ0000131treebank</tb>
<tb>WRPEJ0000132treebank</tb>
<tb>WRPEJ0000133treebank</tb>
<tb>WRPEJ0000134treebank</tb>
<tb>WRPEJ0000135treebank</tb>