<tb>WRPEL0000000treebank</tb>
<tb>WRPEL0000001treebank</tb>
<tb>WRPEL0000002treebank</tb>
<tb>WRPEL0000003treebank</tb>
<tb>WRPEL0000004treebank</tb>
<tb>WRPEL0000005treebank</tb>
<tb>WRPEL0000006treebank</tb>
<tb>WRPEL0000007treebank</tb>
<tb>WRPEL0000008treebank</tb>
<tb>WRPEL0000009treebank</tb>
<tb>WRPEL0000010treebank</tb>
<tb>WRPEL0000011treebank</tb>
<tb>WRPEL0000012treebank</tb>
<tb>WRPEL0000013treebank</tb>
<tb>WRPEL0000014treebank</tb>
<tb>WRPEL0000015treebank</tb>
<tb>WRPEL0000016treebank</tb>
<tb>WRPEL0000017treebank</tb>
<tb>WRPEL0000018treebank</tb>
<tb>WRPEL0000019treebank</tb>
<tb>WRPEL0000020treebank</tb>
<tb>WRPEL0000021treebank</tb>
<tb>WRPEL0000022treebank</tb>
<tb>WRPEL0000023treebank</tb>
<tb>WRPEL0000024treebank</tb>
<tb>WRPEL0000025treebank</tb>
<tb>WRPEL0000026treebank</tb>
<tb>WRPEL0000027treebank</tb>
<tb>WRPEL0000028treebank</tb>
<tb>WRPEL0000029treebank</tb>
<tb>WRPEL0000030treebank</tb>
<tb>WRPEL0000031treebank</tb>
<tb>WRPEL0000032treebank</tb>
<tb>WRPEL0000033treebank</tb>
<tb>WRPEL0000034treebank</tb>
<tb>WRPEL0000035treebank</tb>
<tb>WRPEL0000036treebank</tb>
<tb>WRPEL0000037treebank</tb>
<tb>WRPEL0000038treebank</tb>
<tb>WRPEL0000039treebank</tb>
<tb>WRPEL0000040treebank</tb>
<tb>WRPEL0000041treebank</tb>
<tb>WRPEL0000042treebank</tb>
<tb>WRPEL0000043treebank</tb>
<tb>WRPEL0000044treebank</tb>
<tb>WRPEL0000045treebank</tb>
<tb>WRPEL0000046treebank</tb>
<tb>WRPEL0000047treebank</tb>
<tb>WRPEL0000048treebank</tb>
<tb>WRPEL0000049treebank</tb>
<tb>WRPEL0000050treebank</tb>
<tb>WRPEL0000051treebank</tb>
<tb>WRPEL0000052treebank</tb>
<tb>WRPEL0000053treebank</tb>
<tb>WRPEL0000054treebank</tb>
<tb>WRPEL0000055treebank</tb>
<tb>WRPEL0000056treebank</tb>
<tb>WRPEL0000057treebank</tb>
<tb>WRPEL0000058treebank</tb>
<tb>WRPEL0000059treebank</tb>
<tb>WRPEL0000060treebank</tb>
<tb>WRPEL0000061treebank</tb>
<tb>WRPEL0000062treebank</tb>
<tb>WRPEL0000063treebank</tb>
<tb>WRPEL0000064treebank</tb>
<tb>WRPEL0000065treebank</tb>
<tb>WRPEL0000066treebank</tb>
<tb>WRPEL0000067treebank</tb>
<tb>WRPEL0000068treebank</tb>
<tb>WRPEL0000069treebank</tb>
<tb>WRPEL0000070treebank</tb>
<tb>WRPEL0000071treebank</tb>
<tb>WRPEL0000072treebank</tb>
<tb>WRPEL0000073treebank</tb>
<tb>WRPEL0000074treebank</tb>
<tb>WRPEL0000075treebank</tb>
<tb>WRPEL0000076treebank</tb>
<tb>WRPEL0000077treebank</tb>
<tb>WRPEL0000078treebank</tb>
<tb>WRPEL0000079treebank</tb>
<tb>WRPEL0000080treebank</tb>
<tb>WRPEL0000081treebank</tb>
<tb>WRPEL0000082treebank</tb>
<tb>WRPEL0000083treebank</tb>
<tb>WRPEL0000084treebank</tb>
<tb>WRPEL0000085treebank</tb>
<tb>WRPEL0000086treebank</tb>
<tb>WRPEL0000087treebank</tb>
<tb>WRPEL0000088treebank</tb>
<tb>WRPEL0000089treebank</tb>
<tb>WRPEL0000090treebank</tb>
<tb>WRPEL0000091treebank</tb>
<tb>WRPEL0000092treebank</tb>
<tb>WRPEL0000093treebank</tb>
<tb>WRPEL0000094treebank</tb>
<tb>WRPEL0000095treebank</tb>
<tb>WRPEL0000096treebank</tb>
<tb>WRPEL0000097treebank</tb>
<tb>WRPEL0000098treebank</tb>
<tb>WRPEL0000099treebank</tb>
<tb>WRPEL0000100treebank</tb>
<tb>WRPEL0000101treebank</tb>
<tb>WRPEL0000102treebank</tb>
<tb>WRPEL0000103treebank</tb>
<tb>WRPEL0000104treebank</tb>
<tb>WRPEL0000105treebank</tb>
<tb>WRPEL0000106treebank</tb>
<tb>WRPEL0000107treebank</tb>
<tb>WRPEL0000108treebank</tb>
<tb>WRPEL0000109treebank</tb>
<tb>WRPEL0000110treebank</tb>
<tb>WRPEL0000111treebank</tb>
<tb>WRPEL0000112treebank</tb>
<tb>WRPEL0000113treebank</tb>
<tb>WRPEL0000114treebank</tb>
<tb>WRPEL0000115treebank</tb>
<tb>WRPEL0000116treebank</tb>
<tb>WRPEL0000117treebank</tb>
<tb>WRPEL0000118treebank</tb>
<tb>WRPEL0000119treebank</tb>
<tb>WRPEL0000120treebank</tb>
<tb>WRPEL0000121treebank</tb>
<tb>WRPEL0000122treebank</tb>
<tb>WRPEL0000123treebank</tb>
<tb>WRPEL0000124treebank</tb>
<tb>WRPEL0000125treebank</tb>
<tb>WRPEL0000126treebank</tb>
<tb>WRPEL0000127treebank</tb>
<tb>WRPEL0000128treebank</tb>
<tb>WRPEL0000129treebank</tb>
<tb>WRPEL0000130treebank</tb>
<tb>WRPEL0000131treebank</tb>
<tb>WRPEL0000132treebank</tb>
<tb>WRPEL0000133treebank</tb>
<tb>WRPEL0000134treebank</tb>
<tb>WRPEL0000135treebank</tb>
<tb>WRPEL0000136treebank</tb>
<tb>WRPEL0000137treebank</tb>
<tb>WRPEL0000138treebank</tb>
<tb>WRPEL0000139treebank</tb>
<tb>WRPEL0000140treebank</tb>
<tb>WRPEL0000141treebank</tb>
<tb>WRPEL0000142treebank</tb>
<tb>WRPEL0000143treebank</tb>
<tb>WRPEL0000144treebank</tb>
<tb>WRPEL0000145treebank</tb>
<tb>WRPEL0000146treebank</tb>
<tb>WRPEL0000147treebank</tb>
<tb>WRPEL0000148treebank</tb>
<tb>WRPEL0000149treebank</tb>
<tb>WRPEL0000150treebank</tb>
<tb>WRPEL0000151treebank</tb>
<tb>WRPEL0000152treebank</tb>
<tb>WRPEL0000153treebank</tb>
<tb>WRPEL0000154treebank</tb>
<tb>WRPEL0000155treebank</tb>
<tb>WRPEL0000156treebank</tb>
<tb>WRPEL0000157treebank</tb>
<tb>WRPEL0000158treebank</tb>
<tb>WRPEL0000159treebank</tb>
<tb>WRPEL0000160treebank</tb>
<tb>WRPEL0000161treebank</tb>
<tb>WRPEL0000162treebank</tb>
<tb>WRPEL0000163treebank</tb>
<tb>WRPEL0000164treebank</tb>
<tb>WRPEL0000165treebank</tb>
<tb>WRPEL0000166treebank</tb>
<tb>WRPEL0000167treebank</tb>
<tb>WRPEL0000168treebank</tb>
<tb>WRPEL0000169treebank</tb>
<tb>WRPEL0000170treebank</tb>
<tb>WRPEL0000171treebank</tb>
<tb>WRPEL0000172treebank</tb>
<tb>WRPEL0000173treebank</tb>
<tb>WRPEL0000174treebank</tb>
<tb>WRPEL0000175treebank</tb>
<tb>WRPEL0000176treebank</tb>
<tb>WRPEL0000177treebank</tb>
<tb>WRPEL0000178treebank</tb>
<tb>WRPEL0000179treebank</tb>
<tb>WRPEL0000180treebank</tb>
<tb>WRPEL0000181treebank</tb>
<tb>WRPEL0000182treebank</tb>
<tb>WRPEL0000183treebank</tb>
<tb>WRPEL0000184treebank</tb>
<tb>WRPEL0000185treebank</tb>
<tb>WRPEL0000186treebank</tb>
<tb>WRPEL0000187treebank</tb>
<tb>WRPEL0000188treebank</tb>
<tb>WRPEL0000189treebank</tb>
<tb>WRPEL0000190treebank</tb>
<tb>WRPEL0000191treebank</tb>
<tb>WRPEL0000192treebank</tb>
<tb>WRPEL0000193treebank</tb>
<tb>WRPEL0000194treebank</tb>
<tb>WRPEL0000195treebank</tb>
<tb>WRPEL0000196treebank</tb>
<tb>WRPEL0000197treebank</tb>
<tb>WRPEL0000198treebank</tb>
<tb>WRPEL0000199treebank</tb>
<tb>WRPEL0000200treebank</tb>
<tb>WRPEL0000201treebank</tb>
<tb>WRPEL0000202treebank</tb>
<tb>WRPEL0000203treebank</tb>
<tb>WRPEL0000204treebank</tb>
<tb>WRPEL0000205treebank</tb>
<tb>WRPEL0000206treebank</tb>
<tb>WRPEL0000207treebank</tb>
<tb>WRPEL0000208treebank</tb>
<tb>WRPEL0000209treebank</tb>
<tb>WRPEL0000210treebank</tb>
<tb>WRPEL0000211treebank</tb>
<tb>WRPEL0000212treebank</tb>
<tb>WRPEL0000213treebank</tb>
<tb>WRPEL0000214treebank</tb>
<tb>WRPEL0000215treebank</tb>
<tb>WRPEL0000216treebank</tb>
<tb>WRPEL0000217treebank</tb>
<tb>WRPEL0000218treebank</tb>
<tb>WRPEL0000219treebank</tb>
<tb>WRPEL0000220treebank</tb>
<tb>WRPEL0000221treebank</tb>
<tb>WRPEL0000222treebank</tb>
<tb>WRPEL0000223treebank</tb>
<tb>WRPEL0000224treebank</tb>
<tb>WRPEL0000225treebank</tb>
<tb>WRPEL0000226treebank</tb>
<tb>WRPEL0000227treebank</tb>
<tb>WRPEL0000228treebank</tb>
<tb>WRPEL0000229treebank</tb>
<tb>WRPEL0000230treebank</tb>
<tb>WRPEL0000231treebank</tb>
<tb>WRPEL0000232treebank</tb>
<tb>WRPEL0000233treebank</tb>
<tb>WRPEL0000234treebank</tb>
<tb>WRPEL0000235treebank</tb>
<tb>WRPEL0000236treebank</tb>
<tb>WRPEL0000237treebank</tb>
<tb>WRPEL0000238treebank</tb>
<tb>WRPEL0000239treebank</tb>
<tb>WRPEL0000240treebank</tb>
<tb>WRPEL0000241treebank</tb>
<tb>WRPEL0000242treebank</tb>
<tb>WRPEL0000243treebank</tb>
<tb>WRPEL0000244treebank</tb>
<tb>WRPEL0000245treebank</tb>
<tb>WRPEL0000246treebank</tb>
<tb>WRPEL0000247treebank</tb>
<tb>WRPEL0000248treebank</tb>
<tb>WRPEL0000249treebank</tb>
<tb>WRPEL0000250treebank</tb>
<tb>WRPEL0000251treebank</tb>
<tb>WRPEL0000252treebank</tb>
<tb>WRPEL0000253treebank</tb>
<tb>WRPEL0000254treebank</tb>
<tb>WRPEL0000255treebank</tb>
<tb>WRPEL0000256treebank</tb>
<tb>WRPEL0000257treebank</tb>
<tb>WRPEL0000258treebank</tb>
<tb>WRPEL0000259treebank</tb>
<tb>WRPEL0000260treebank</tb>
<tb>WRPEL0000261treebank</tb>
<tb>WRPEL0000262treebank</tb>
<tb>WRPEL0000263treebank</tb>
<tb>WRPEL0000264treebank</tb>
<tb>WRPEL0000265treebank</tb>
<tb>WRPEL0000266treebank</tb>
<tb>WRPEL0000267treebank</tb>
<tb>WRPEL0000268treebank</tb>
<tb>WRPEL0000269treebank</tb>
<tb>WRPEL0000270treebank</tb>
<tb>WRPEL0000271treebank</tb>
<tb>WRPEL0000272treebank</tb>
<tb>WRPEL0000273treebank</tb>
<tb>WRPEL0000274treebank</tb>
<tb>WRPEL0000275treebank</tb>
<tb>WRPEL0000276treebank</tb>
<tb>WRPEL0000277treebank</tb>
<tb>WRPEL0000278treebank</tb>
<tb>WRPEL0000279treebank</tb>
<tb>WRPEL0000280treebank</tb>
<tb>WRPEL0000281treebank</tb>
<tb>WRPEL0000282treebank</tb>
<tb>WRPEL0000283treebank</tb>
<tb>WRPEL0000284treebank</tb>
<tb>WRPEL0000285treebank</tb>
<tb>WRPEL0000286treebank</tb>
<tb>WRPEL0000287treebank</tb>
<tb>WRPEL0000288treebank</tb>
<tb>WRPEL0000289treebank</tb>
<tb>WRPEL0000290treebank</tb>
<tb>WRPEL0000291treebank</tb>
<tb>WRPEL0000292treebank</tb>
<tb>WRPEL0000293treebank</tb>
<tb>WRPEL0000294treebank</tb>
<tb>WRPEL0000295treebank</tb>
<tb>WRPEL0000296treebank</tb>
<tb>WRPEL0000297treebank</tb>
<tb>WRPEL0000298treebank</tb>
<tb>WRPEL0000299treebank</tb>
<tb>WRPEL0000300treebank</tb>
<tb>WRPEL0000301treebank</tb>
<tb>WRPEL0000302treebank</tb>
<tb>WRPEL0000303treebank</tb>
<tb>WRPEL0000304treebank</tb>
<tb>WRPEL0000305treebank</tb>
<tb>WRPEL0000306treebank</tb>
<tb>WRPEL0000307treebank</tb>
<tb>WRPEL0000308treebank</tb>
<tb>WRPEL0000309treebank</tb>
<tb>WRPEL0000310treebank</tb>
<tb>WRPEL0000311treebank</tb>
<tb>WRPEL0000312treebank</tb>
<tb>WRPEL0000313treebank</tb>
<tb>WRPEL0000314treebank</tb>
<tb>WRPEL0000315treebank</tb>
<tb>WRPEL0000316treebank</tb>
<tb>WRPEL0000317treebank</tb>
<tb>WRPEL0000318treebank</tb>
<tb>WRPEL0000319treebank</tb>
<tb>WRPEL0000320treebank</tb>
<tb>WRPEL0000321treebank</tb>
<tb>WRPEL0000322treebank</tb>
<tb>WRPEL0000323treebank</tb>
<tb>WRPEL0000324treebank</tb>
<tb>WRPEL0000325treebank</tb>
<tb>WRPEL0000326treebank</tb>
<tb>WRPEL0000327treebank</tb>
<tb>WRPEL0000328treebank</tb>
<tb>WRPEL0000329treebank</tb>
<tb>WRPEL0000330treebank</tb>
<tb>WRPEL0000331treebank</tb>
<tb>WRPEL0000332treebank</tb>