<tb>WRPPF0000000treebank</tb>
<tb>WRPPF0000001treebank</tb>
<tb>WRPPF0000002treebank</tb>
<tb>WRPPF0000003treebank</tb>
<tb>WRPPF0000004treebank</tb>
<tb>WRPPF0000005treebank</tb>
<tb>WRPPF0000006treebank</tb>
<tb>WRPPF0000007treebank</tb>
<tb>WRPPF0000008treebank</tb>
<tb>WRPPF0000009treebank</tb>
<tb>WRPPF0000010treebank</tb>
<tb>WRPPF0000011treebank</tb>
<tb>WRPPF0000012treebank</tb>
<tb>WRPPF0000013treebank</tb>
<tb>WRPPF0000014treebank</tb>
<tb>WRPPF0000015treebank</tb>
<tb>WRPPF0000016treebank</tb>
<tb>WRPPF0000017treebank</tb>
<tb>WRPPF0000018treebank</tb>
<tb>WRPPF0000019treebank</tb>
<tb>WRPPF0000020treebank</tb>
<tb>WRPPF0000021treebank</tb>
<tb>WRPPF0000022treebank</tb>
<tb>WRPPF0000023treebank</tb>
<tb>WRPPF0000024treebank</tb>
<tb>WRPPF0000025treebank</tb>
<tb>WRPPF0000026treebank</tb>
<tb>WRPPF0000027treebank</tb>
<tb>WRPPF0000028treebank</tb>
<tb>WRPPF0000029treebank</tb>
<tb>WRPPF0000030treebank</tb>
<tb>WRPPF0000031treebank</tb>
<tb>WRPPF0000032treebank</tb>
<tb>WRPPF0000033treebank</tb>
<tb>WRPPF0000034treebank</tb>
<tb>WRPPF0000035treebank</tb>
<tb>WRPPF0000036treebank</tb>
<tb>WRPPF0000037treebank</tb>
<tb>WRPPF0000038treebank</tb>
<tb>WRPPF0000039treebank</tb>
<tb>WRPPF0000040treebank</tb>
<tb>WRPPF0000041treebank</tb>
<tb>WRPPF0000042treebank</tb>
<tb>WRPPF0000043treebank</tb>
<tb>WRPPF0000044treebank</tb>
<tb>WRPPF0000045treebank</tb>
<tb>WRPPF0000046treebank</tb>
<tb>WRPPF0000047treebank</tb>
<tb>WRPPF0000048treebank</tb>
<tb>WRPPF0000049treebank</tb>
<tb>WRPPF0000050treebank</tb>
<tb>WRPPF0000051treebank</tb>
<tb>WRPPF0000052treebank</tb>
<tb>WRPPF0000053treebank</tb>
<tb>WRPPF0000054treebank</tb>
<tb>WRPPF0000055treebank</tb>
<tb>WRPPF0000056treebank</tb>
<tb>WRPPF0000057treebank</tb>
<tb>WRPPF0000058treebank</tb>
<tb>WRPPF0000059treebank</tb>
<tb>WRPPF0000060treebank</tb>
<tb>WRPPF0000061treebank</tb>
<tb>WRPPF0000062treebank</tb>
<tb>WRPPF0000063treebank</tb>
<tb>WRPPF0000064treebank</tb>
<tb>WRPPF0000065treebank</tb>
<tb>WRPPF0000066treebank</tb>