<tb>WRPPH0000000treebank</tb>
<tb>WRPPH0000001treebank</tb>
<tb>WRPPH0000002treebank</tb>
<tb>WRPPH0000003treebank</tb>
<tb>WRPPH0000004treebank</tb>
<tb>WRPPH0000005treebank</tb>
<tb>WRPPH0000006treebank</tb>
<tb>WRPPH0000007treebank</tb>
<tb>WRPPH0000008treebank</tb>
<tb>WRPPH0000009treebank</tb>
<tb>WRPPH0000010treebank</tb>
<tb>WRPPH0000011treebank</tb>
<tb>WRPPH0000012treebank</tb>
<tb>WRPPH0000013treebank</tb>
<tb>WRPPH0000014treebank</tb>
<tb>WRPPH0000015treebank</tb>
<tb>WRPPH0000016treebank</tb>
<tb>WRPPH0000017treebank</tb>
<tb>WRPPH0000018treebank</tb>
<tb>WRPPH0000019treebank</tb>
<tb>WRPPH0000020treebank</tb>
<tb>WRPPH0000021treebank</tb>
<tb>WRPPH0000022treebank</tb>
<tb>WRPPH0000023treebank</tb>
<tb>WRPPH0000024treebank</tb>
<tb>WRPPH0000025treebank</tb>
<tb>WRPPH0000026treebank</tb>
<tb>WRPPH0000027treebank</tb>
<tb>WRPPH0000028treebank</tb>
<tb>WRPPH0000029treebank</tb>
<tb>WRPPH0000030treebank</tb>
<tb>WRPPH0000031treebank</tb>
<tb>WRPPH0000032treebank</tb>
<tb>WRPPH0000033treebank</tb>
<tb>WRPPH0000034treebank</tb>
<tb>WRPPH0000035treebank</tb>
<tb>WRPPH0000036treebank</tb>
<tb>WRPPH0000037treebank</tb>
<tb>WRPPH0000038treebank</tb>
<tb>WRPPH0000039treebank</tb>
<tb>WRPPH0000040treebank</tb>
<tb>WRPPH0000041treebank</tb>
<tb>WRPPH0000042treebank</tb>
<tb>WRPPH0000043treebank</tb>
<tb>WRPPH0000044treebank</tb>
<tb>WRPPH0000045treebank</tb>
<tb>WRPPH0000046treebank</tb>
<tb>WRPPH0000047treebank</tb>
<tb>WRPPH0000048treebank</tb>
<tb>WRPPH0000049treebank</tb>
<tb>WRPPH0000050treebank</tb>
<tb>WRPPH0000051treebank</tb>
<tb>WRPPH0000052treebank</tb>
<tb>WRPPH0000053treebank</tb>
<tb>WRPPH0000054treebank</tb>
<tb>WRPPH0000055treebank</tb>
<tb>WRPPH0000056treebank</tb>
<tb>WRPPH0000057treebank</tb>
<tb>WRPPH0000058treebank</tb>
<tb>WRPPH0000059treebank</tb>
<tb>WRPPH0000060treebank</tb>
<tb>WRPPH0000061treebank</tb>
<tb>WRPPH0000062treebank</tb>
<tb>WRPPH0000063treebank</tb>
<tb>WRPPH0000064treebank</tb>
<tb>WRPPH0000065treebank</tb>
<tb>WRPPH0000066treebank</tb>
<tb>WRPPH0000067treebank</tb>
<tb>WRPPH0000068treebank</tb>
<tb>WRPPH0000069treebank</tb>
<tb>WRPPH0000070treebank</tb>
<tb>WRPPH0000071treebank</tb>
<tb>WRPPH0000072treebank</tb>
<tb>WRPPH0000073treebank</tb>
<tb>WRPPH0000074treebank</tb>
<tb>WRPPH0000075treebank</tb>
<tb>WRPPH0000076treebank</tb>
<tb>WRPPH0000077treebank</tb>
<tb>WRPPH0000078treebank</tb>
<tb>WRPPH0000079treebank</tb>
<tb>WRPPH0000080treebank</tb>
<tb>WRPPH0000081treebank</tb>
<tb>WRPPH0000082treebank</tb>
<tb>WRPPH0000083treebank</tb>
<tb>WRPPH0000084treebank</tb>
<tb>WRPPH0000085treebank</tb>
<tb>WRPPH0000086treebank</tb>
<tb>WRPPH0000087treebank</tb>
<tb>WRPPH0000088treebank</tb>
<tb>WRPPH0000089treebank</tb>
<tb>WRPPH0000090treebank</tb>
<tb>WRPPH0000091treebank</tb>
<tb>WRPPH0000092treebank</tb>
<tb>WRPPH0000093treebank</tb>
<tb>WRPPH0000094treebank</tb>
<tb>WRPPH0000095treebank</tb>
<tb>WRPPH0000096treebank</tb>
<tb>WRPPH0000097treebank</tb>
<tb>WRPPH0000098treebank</tb>
<tb>WRPPH0000099treebank</tb>
<tb>WRPPH0000100treebank</tb>
<tb>WRPPH0000101treebank</tb>
<tb>WRPPH0000102treebank</tb>
<tb>WRPPH0000103treebank</tb>
<tb>WRPPH0000104treebank</tb>
<tb>WRPPH0000105treebank</tb>
<tb>WRPPH0000106treebank</tb>
<tb>WRPPH0000107treebank</tb>
<tb>WRPPH0000108treebank</tb>
<tb>WRPPH0000109treebank</tb>
<tb>WRPPH0000110treebank</tb>
<tb>WRPPH0000111treebank</tb>
<tb>WRPPH0000112treebank</tb>
<tb>WRPPH0000113treebank</tb>
<tb>WRPPH0000114treebank</tb>
<tb>WRPPH0000115treebank</tb>
<tb>WRPPH0000116treebank</tb>
<tb>WRPPH0000117treebank</tb>
<tb>WRPPH0000118treebank</tb>
<tb>WRPPH0000119treebank</tb>
<tb>WRPPH0000120treebank</tb>
<tb>WRPPH0000121treebank</tb>
<tb>WRPPH0000122treebank</tb>
<tb>WRPPH0000123treebank</tb>
<tb>WRPPH0000124treebank</tb>
<tb>WRPPH0000125treebank</tb>
<tb>WRPPH0000126treebank</tb>
<tb>WRPPH0000127treebank</tb>
<tb>WRPPH0000128treebank</tb>
<tb>WRPPH0000129treebank</tb>
<tb>WRPPH0000130treebank</tb>
<tb>WRPPH0000131treebank</tb>
<tb>WRPPH0000132treebank</tb>
<tb>WRPPH0000133treebank</tb>
<tb>WRPPH0000134treebank</tb>
<tb>WRPPH0000135treebank</tb>
<tb>WRPPH0000136treebank</tb>
<tb>WRPPH0000137treebank</tb>
<tb>WRPPH0000138treebank</tb>
<tb>WRPPH0000139treebank</tb>
<tb>WRPPH0000140treebank</tb>
<tb>WRPPH0000141treebank</tb>
<tb>WRPPH0000142treebank</tb>
<tb>WRPPH0000143treebank</tb>
<tb>WRPPH0000144treebank</tb>
<tb>WRPPH0000145treebank</tb>
<tb>WRPPH0000146treebank</tb>
<tb>WRPPH0000147treebank</tb>
<tb>WRPPH0000148treebank</tb>
<tb>WRPPH0000149treebank</tb>
<tb>WRPPH0000150treebank</tb>
<tb>WRPPH0000151treebank</tb>
<tb>WRPPH0000152treebank</tb>
<tb>WRPPH0000153treebank</tb>
<tb>WRPPH0000154treebank</tb>
<tb>WRPPH0000155treebank</tb>
<tb>WRPPH0000156treebank</tb>
<tb>WRPPH0000157treebank</tb>
<tb>WRPPH0000158treebank</tb>
<tb>WRPPH0000159treebank</tb>
<tb>WRPPH0000160treebank</tb>
<tb>WRPPH0000161treebank</tb>
<tb>WRPPH0000162treebank</tb>
<tb>WRPPH0000163treebank</tb>
<tb>WRPPH0000164treebank</tb>
<tb>WRPPH0000165treebank</tb>
<tb>WRPPH0000166treebank</tb>
<tb>WRPPH0000167treebank</tb>
<tb>WRPPH0000168treebank</tb>
<tb>WRPPH0000169treebank</tb>
<tb>WRPPH0000170treebank</tb>
<tb>WRPPH0000171treebank</tb>
<tb>WRPPH0000172treebank</tb>
<tb>WRPPH0000173treebank</tb>
<tb>WRPPH0000174treebank</tb>
<tb>WRPPH0000175treebank</tb>
<tb>WRPPH0000176treebank</tb>
<tb>WRPPH0000177treebank</tb>
<tb>WRPPH0000178treebank</tb>
<tb>WRPPH0000179treebank</tb>
<tb>WRPPH0000180treebank</tb>
<tb>WRPPH0000181treebank</tb>
<tb>WRPPH0000182treebank</tb>
<tb>WRPPH0000183treebank</tb>
<tb>WRPPH0000184treebank</tb>
<tb>WRPPH0000185treebank</tb>
<tb>WRPPH0000186treebank</tb>
<tb>WRPPH0000187treebank</tb>
<tb>WRPPH0000188treebank</tb>
<tb>WRPPH0000189treebank</tb>
<tb>WRPPH0000190treebank</tb>
<tb>WRPPH0000191treebank</tb>
<tb>WRPPH0000192treebank</tb>
<tb>WRPPH0000193treebank</tb>
<tb>WRPPH0000194treebank</tb>
<tb>WRPPH0000195treebank</tb>
<tb>WRPPH0000196treebank</tb>
<tb>WRPPH0000197treebank</tb>
<tb>WRPPH0000198treebank</tb>
<tb>WRPPH0000199treebank</tb>
<tb>WRPPH0000200treebank</tb>
<tb>WRPPH0000201treebank</tb>
<tb>WRPPH0000202treebank</tb>
<tb>WRPPH0000203treebank</tb>
<tb>WRPPH0000204treebank</tb>
<tb>WRPPH0000205treebank</tb>
<tb>WRPPH0000206treebank</tb>
<tb>WRPPH0000207treebank</tb>
<tb>WRPPH0000208treebank</tb>
<tb>WRPPH0000209treebank</tb>
<tb>WRPPH0000210treebank</tb>
<tb>WRPPH0000211treebank</tb>
<tb>WRPPH0000212treebank</tb>
<tb>WRPPH0000213treebank</tb>
<tb>WRPPH0000214treebank</tb>
<tb>WRPPH0000215treebank</tb>
<tb>WRPPH0000216treebank</tb>
<tb>WRPPH0000217treebank</tb>
<tb>WRPPH0000218treebank</tb>
<tb>WRPPH0000219treebank</tb>
<tb>WRPPH0000220treebank</tb>
<tb>WRPPH0000221treebank</tb>
<tb>WRPPH0000222treebank</tb>
<tb>WRPPH0000223treebank</tb>
<tb>WRPPH0000224treebank</tb>
<tb>WRPPH0000225treebank</tb>
<tb>WRPPH0000226treebank</tb>
<tb>WRPPH0000227treebank</tb>
<tb>WRPPH0000228treebank</tb>
<tb>WRPPH0000229treebank</tb>
<tb>WRPPH0000230treebank</tb>
<tb>WRPPH0000231treebank</tb>
<tb>WRPPH0000232treebank</tb>
<tb>WRPPH0000233treebank</tb>
<tb>WRPPH0000234treebank</tb>
<tb>WRPPH0000235treebank</tb>
<tb>WRPPH0000236treebank</tb>
<tb>WRPPH0000237treebank</tb>
<tb>WRPPH0000238treebank</tb>
<tb>WRPPH0000239treebank</tb>
<tb>WRPPH0000240treebank</tb>
<tb>WRPPH0000241treebank</tb>
<tb>WRPPH0000242treebank</tb>
<tb>WRPPH0000243treebank</tb>
<tb>WRPPH0000244treebank</tb>
<tb>WRPPH0000245treebank</tb>
<tb>WRPPH0000246treebank</tb>
<tb>WRPPH0000247treebank</tb>
<tb>WRPPH0000248treebank</tb>
<tb>WRPPH0000249treebank</tb>
<tb>WRPPH0000250treebank</tb>
<tb>WRPPH0000251treebank</tb>
<tb>WRPPH0000252treebank</tb>
<tb>WRPPH0000253treebank</tb>
<tb>WRPPH0000254treebank</tb>
<tb>WRPPH0000255treebank</tb>
<tb>WRPPH0000256treebank</tb>
<tb>WRPPH0000257treebank</tb>
<tb>WRPPH0000258treebank</tb>
<tb>WRPPH0000259treebank</tb>
<tb>WRPPH0000260treebank</tb>
<tb>WRPPH0000261treebank</tb>
<tb>WRPPH0000262treebank</tb>
<tb>WRPPH0000263treebank</tb>
<tb>WRPPH0000264treebank</tb>
<tb>WRPPH0000265treebank</tb>
<tb>WRPPH0000266treebank</tb>
<tb>WRPPH0000267treebank</tb>
<tb>WRPPH0000268treebank</tb>
<tb>WRPPH0000269treebank</tb>
<tb>WRPPH0000270treebank</tb>
<tb>WRPPH0000271treebank</tb>
<tb>WRPPH0000272treebank</tb>
<tb>WRPPH0000273treebank</tb>
<tb>WRPPH0000274treebank</tb>
<tb>WRPPH0000275treebank</tb>
<tb>WRPPH0000276treebank</tb>
<tb>WRPPH0000277treebank</tb>
<tb>WRPPH0000278treebank</tb>
<tb>WRPPH0000279treebank</tb>
<tb>WRPPH0000280treebank</tb>
<tb>WRPPH0000281treebank</tb>
<tb>WRPPH0000282treebank</tb>
<tb>WRPPH0000283treebank</tb>
<tb>WRPPH0000284treebank</tb>
<tb>WRPPH0000285treebank</tb>
<tb>WRPPH0000286treebank</tb>
<tb>WRPPH0000287treebank</tb>
<tb>WRPPH0000288treebank</tb>
<tb>WRPPH0000289treebank</tb>
<tb>WRPPH0000290treebank</tb>
<tb>WRPPH0000291treebank</tb>
<tb>WRPPH0000292treebank</tb>
<tb>WRPPH0000293treebank</tb>
<tb>WRPPH0000294treebank</tb>
<tb>WRPPH0000295treebank</tb>
<tb>WRPPH0000296treebank</tb>
<tb>WRPPH0000297treebank</tb>
<tb>WRPPH0000298treebank</tb>
<tb>WRPPH0000299treebank</tb>
<tb>WRPPH0000300treebank</tb>
<tb>WRPPH0000301treebank</tb>
<tb>WRPPH0000302treebank</tb>
<tb>WRPPH0000303treebank</tb>
<tb>WRPPH0000304treebank</tb>
<tb>WRPPH0000305treebank</tb>
<tb>WRPPH0000306treebank</tb>
<tb>WRPPH0000307treebank</tb>
<tb>WRPPH0000308treebank</tb>
<tb>WRPPH0000309treebank</tb>
<tb>WRPPH0000310treebank</tb>
<tb>WRPPH0000311treebank</tb>
<tb>WRPPH0000312treebank</tb>
<tb>WRPPH0000313treebank</tb>
<tb>WRPPH0000314treebank</tb>
<tb>WRPPH0000315treebank</tb>
<tb>WRPPH0000316treebank</tb>
<tb>WRPPH0000317treebank</tb>
<tb>WRPPH0000318treebank</tb>
<tb>WRPPH0000319treebank</tb>
<tb>WRPPH0000320treebank</tb>
<tb>WRPPH0000321treebank</tb>
<tb>WRPPH0000322treebank</tb>
<tb>WRPPH0000323treebank</tb>
<tb>WRPPH0000324treebank</tb>
<tb>WRPPH0000325treebank</tb>
<tb>WRPPH0000326treebank</tb>
<tb>WRPPH0000327treebank</tb>
<tb>WRPPH0000328treebank</tb>
<tb>WRPPH0000329treebank</tb>
<tb>WRPPH0000330treebank</tb>
<tb>WRPPH0000331treebank</tb>
<tb>WRPPH0000332treebank</tb>
<tb>WRPPH0000333treebank</tb>
<tb>WRPPH0000334treebank</tb>
<tb>WRPPH0000335treebank</tb>
<tb>WRPPH0000336treebank</tb>
<tb>WRPPH0000337treebank</tb>
<tb>WRPPH0000338treebank</tb>
<tb>WRPPH0000339treebank</tb>
<tb>WRPPH0000340treebank</tb>
<tb>WRPPH0000341treebank</tb>
<tb>WRPPH0000342treebank</tb>
<tb>WRPPH0000343treebank</tb>
<tb>WRPPH0000344treebank</tb>
<tb>WRPPH0000345treebank</tb>
<tb>WRPPH0000346treebank</tb>
<tb>WRPPH0000347treebank</tb>
<tb>WRPPH0000348treebank</tb>
<tb>WRPPH0000349treebank</tb>
<tb>WRPPH0000350treebank</tb>
<tb>WRPPH0000351treebank</tb>
<tb>WRPPH0000352treebank</tb>
<tb>WRPPH0000353treebank</tb>
<tb>WRPPH0000354treebank</tb>
<tb>WRPPH0000355treebank</tb>
<tb>WRPPH0000356treebank</tb>
<tb>WRPPH0000357treebank</tb>
<tb>WRPPH0000358treebank</tb>
<tb>WRPPH0000359treebank</tb>
<tb>WRPPH0000360treebank</tb>
<tb>WRPPH0000361treebank</tb>
<tb>WRPPH0000362treebank</tb>
<tb>WRPPH0000363treebank</tb>
<tb>WRPPH0000364treebank</tb>
<tb>WRPPH0000365treebank</tb>
<tb>WRPPH0000366treebank</tb>
<tb>WRPPH0000367treebank</tb>
<tb>WRPPH0000368treebank</tb>
<tb>WRPPH0000369treebank</tb>
<tb>WRPPH0000370treebank</tb>
<tb>WRPPH0000371treebank</tb>
<tb>WRPPH0000372treebank</tb>
<tb>WRPPH0000373treebank</tb>
<tb>WRPPH0000374treebank</tb>
<tb>WRPPH0000375treebank</tb>
<tb>WRPPH0000376treebank</tb>
<tb>WRPPH0000377treebank</tb>
<tb>WRPPH0000378treebank</tb>
<tb>WRPPH0000379treebank</tb>
<tb>WRPPH0000380treebank</tb>
<tb>WRPPH0000381treebank</tb>
<tb>WRPPH0000382treebank</tb>
<tb>WRPPH0000383treebank</tb>
<tb>WRPPH0000384treebank</tb>
<tb>WRPPH0000385treebank</tb>
<tb>WRPPH0000386treebank</tb>
<tb>WRPPH0000387treebank</tb>
<tb>WRPPH0000388treebank</tb>
<tb>WRPPH0000389treebank</tb>
<tb>WRPPH0000390treebank</tb>
<tb>WRPPH0000391treebank</tb>
<tb>WRPPH0000392treebank</tb>
<tb>WRPPH0000393treebank</tb>
<tb>WRPPH0000394treebank</tb>
<tb>WRPPH0000395treebank</tb>
<tb>WRPPH0000396treebank</tb>
<tb>WRPPH0000397treebank</tb>
<tb>WRPPH0000398treebank</tb>
<tb>WRPPH0000399treebank</tb>
<tb>WRPPH0000400treebank</tb>
<tb>WRPPH0000401treebank</tb>
<tb>WRPPH0000402treebank</tb>
<tb>WRPPH0000403treebank</tb>
<tb>WRPPH0000404treebank</tb>
<tb>WRPPH0000405treebank</tb>
<tb>WRPPH0000406treebank</tb>
<tb>WRPPH0000407treebank</tb>
<tb>WRPPH0000408treebank</tb>
<tb>WRPPH0000409treebank</tb>
<tb>WRPPH0000410treebank</tb>
<tb>WRPPH0000411treebank</tb>
<tb>WRPPH0000412treebank</tb>
<tb>WRPPH0000413treebank</tb>
<tb>WRPPH0000414treebank</tb>
<tb>WRPPH0000415treebank</tb>
<tb>WRPPH0000416treebank</tb>
<tb>WRPPH0000417treebank</tb>
<tb>WRPPH0000418treebank</tb>
<tb>WRPPH0000419treebank</tb>
<tb>WRPPH0000420treebank</tb>
<tb>WRPPH0000421treebank</tb>
<tb>WRPPH0000422treebank</tb>
<tb>WRPPH0000423treebank</tb>
<tb>WRPPH0000424treebank</tb>
<tb>WRPPH0000425treebank</tb>
<tb>WRPPH0000426treebank</tb>
<tb>WRPPH0000427treebank</tb>
<tb>WRPPH0000428treebank</tb>
<tb>WRPPH0000429treebank</tb>
<tb>WRPPH0000430treebank</tb>
<tb>WRPPH0000431treebank</tb>
<tb>WRPPH0000432treebank</tb>
<tb>WRPPH0000433treebank</tb>
<tb>WRPPH0000434treebank</tb>
<tb>WRPPH0000435treebank</tb>
<tb>WRPPH0000436treebank</tb>
<tb>WRPPH0000437treebank</tb>
<tb>WRPPH0000438treebank</tb>
<tb>WRPPH0000439treebank</tb>
<tb>WRPPH0000440treebank</tb>
<tb>WRPPH0000441treebank</tb>
<tb>WRPPH0000442treebank</tb>
<tb>WRPPH0000443treebank</tb>
<tb>WRPPH0000444treebank</tb>
<tb>WRPPH0000445treebank</tb>
<tb>WRPPH0000446treebank</tb>
<tb>WRPPH0000447treebank</tb>
<tb>WRPPH0000448treebank</tb>
<tb>WRPPH0000449treebank</tb>
<tb>WRPPH0000450treebank</tb>
<tb>WRPPH0000451treebank</tb>
<tb>WRPPH0000452treebank</tb>
<tb>WRPPH0000453treebank</tb>
<tb>WRPPH0000454treebank</tb>
<tb>WRPPH0000455treebank</tb>
<tb>WRPPH0000456treebank</tb>
<tb>WRPPH0000457treebank</tb>
<tb>WRPPH0000458treebank</tb>
<tb>WRPPH0000459treebank</tb>
<tb>WRPPH0000460treebank</tb>
<tb>WRPPH0000461treebank</tb>
<tb>WRPPH0000462treebank</tb>
<tb>WRPPH0000463treebank</tb>
<tb>WRPPH0000464treebank</tb>
<tb>WRPPH0000465treebank</tb>
<tb>WRPPH0000466treebank</tb>
<tb>WRPPH0000467treebank</tb>
<tb>WRPPH0000468treebank</tb>
<tb>WRPPH0000469treebank</tb>
<tb>WRPPH0000470treebank</tb>
<tb>WRPPH0000471treebank</tb>
<tb>WRPPH0000472treebank</tb>
<tb>WRPPH0000473treebank</tb>
<tb>WRPPH0000474treebank</tb>
<tb>WRPPH0000475treebank</tb>
<tb>WRPPH0000476treebank</tb>
<tb>WRPPH0000477treebank</tb>
<tb>WRPPH0000478treebank</tb>
<tb>WRPPH0000479treebank</tb>
<tb>WRPPH0000480treebank</tb>
<tb>WRPPH0000481treebank</tb>
<tb>WRPPH0000482treebank</tb>
<tb>WRPPH0000483treebank</tb>
<tb>WRPPH0000484treebank</tb>
<tb>WRPPH0000485treebank</tb>
<tb>WRPPH0000486treebank</tb>
<tb>WRPPH0000487treebank</tb>
<tb>WRPPH0000488treebank</tb>
<tb>WRPPH0000489treebank</tb>
<tb>WRPPH0000490treebank</tb>
<tb>WRPPH0000491treebank</tb>
<tb>WRPPH0000492treebank</tb>
<tb>WRPPH0000493treebank</tb>
<tb>WRPPH0000494treebank</tb>
<tb>WRPPH0000495treebank</tb>
<tb>WRPPH0000496treebank</tb>
<tb>WRPPH0000497treebank</tb>
<tb>WRPPH0000498treebank</tb>
<tb>WRPPH0000499treebank</tb>
<tb>WRPPH0000500treebank</tb>
<tb>WRPPH0000501treebank</tb>
<tb>WRPPH0000502treebank</tb>
<tb>WRPPH0000503treebank</tb>
<tb>WRPPH0000504treebank</tb>
<tb>WRPPH0000505treebank</tb>
<tb>WRPPH0000506treebank</tb>
<tb>WRPPH0000507treebank</tb>
<tb>WRPPH0000508treebank</tb>
<tb>WRPPH0000509treebank</tb>
<tb>WRPPH0000510treebank</tb>
<tb>WRPPH0000511treebank</tb>
<tb>WRPPH0000512treebank</tb>
<tb>WRPPH0000513treebank</tb>
<tb>WRPPH0000514treebank</tb>
<tb>WRPPH0000515treebank</tb>
<tb>WRPPH0000516treebank</tb>
<tb>WRPPH0000517treebank</tb>
<tb>WRPPH0000518treebank</tb>
<tb>WRPPH0000519treebank</tb>
<tb>WRPPH0000520treebank</tb>
<tb>WRPPH0000521treebank</tb>
<tb>WRPPH0000522treebank</tb>
<tb>WRPPH0000523treebank</tb>
<tb>WRPPH0000524treebank</tb>
<tb>WRPPH0000525treebank</tb>
<tb>WRPPH0000526treebank</tb>
<tb>WRPPH0000527treebank</tb>
<tb>WRPPH0000528treebank</tb>
<tb>WRPPH0000529treebank</tb>
<tb>WRPPH0000530treebank</tb>
<tb>WRPPH0000531treebank</tb>
<tb>WRPPH0000532treebank</tb>
<tb>WRPPH0000533treebank</tb>
<tb>WRPPH0000534treebank</tb>
<tb>WRPPH0000535treebank</tb>
<tb>WRPPH0000536treebank</tb>
<tb>WRPPH0000537treebank</tb>
<tb>WRPPH0000538treebank</tb>
<tb>WRPPH0000539treebank</tb>
<tb>WRPPH0000540treebank</tb>
<tb>WRPPH0000541treebank</tb>
<tb>WRPPH0000542treebank</tb>
<tb>WRPPH0000543treebank</tb>
<tb>WRPPH0000544treebank</tb>
<tb>WRPPH0000545treebank</tb>
<tb>WRPPH0000546treebank</tb>
<tb>WRPPH0000547treebank</tb>
<tb>WRPPH0000548treebank</tb>
<tb>WRPPH0000549treebank</tb>
<tb>WRPPH0000550treebank</tb>