<tb>WRPPG0000000treebank</tb>
<tb>WRPPG0000001treebank</tb>
<tb>WRPPG0000002treebank</tb>
<tb>WRPPG0000003treebank</tb>
<tb>WRPPG0000004treebank</tb>
<tb>WRPPG0000005treebank</tb>
<tb>WRPPG0000006treebank</tb>
<tb>WRPPG0000007treebank</tb>
<tb>WRPPG0000008treebank</tb>
<tb>WRPPG0000009treebank</tb>
<tb>WRPPG0000010treebank</tb>
<tb>WRPPG0000011treebank</tb>
<tb>WRPPG0000012treebank</tb>
<tb>WRPPG0000013treebank</tb>
<tb>WRPPG0000014treebank</tb>
<tb>WRPPG0000015treebank</tb>
<tb>WRPPG0000016treebank</tb>
<tb>WRPPG0000017treebank</tb>
<tb>WRPPG0000018treebank</tb>
<tb>WRPPG0000019treebank</tb>
<tb>WRPPG0000020treebank</tb>
<tb>WRPPG0000021treebank</tb>
<tb>WRPPG0000022treebank</tb>
<tb>WRPPG0000023treebank</tb>
<tb>WRPPG0000024treebank</tb>
<tb>WRPPG0000025treebank</tb>
<tb>WRPPG0000026treebank</tb>
<tb>WRPPG0000027treebank</tb>
<tb>WRPPG0000028treebank</tb>
<tb>WRPPG0000029treebank</tb>
<tb>WRPPG0000030treebank</tb>
<tb>WRPPG0000031treebank</tb>
<tb>WRPPG0000032treebank</tb>
<tb>WRPPG0000033treebank</tb>
<tb>WRPPG0000034treebank</tb>
<tb>WRPPG0000035treebank</tb>
<tb>WRPPG0000036treebank</tb>
<tb>WRPPG0000037treebank</tb>
<tb>WRPPG0000038treebank</tb>
<tb>WRPPG0000039treebank</tb>
<tb>WRPPG0000040treebank</tb>
<tb>WRPPG0000041treebank</tb>
<tb>WRPPG0000042treebank</tb>
<tb>WRPPG0000043treebank</tb>
<tb>WRPPG0000044treebank</tb>
<tb>WRPPG0000045treebank</tb>
<tb>WRPPG0000046treebank</tb>
<tb>WRPPG0000047treebank</tb>
<tb>WRPPG0000048treebank</tb>
<tb>WRPPG0000049treebank</tb>
<tb>WRPPG0000050treebank</tb>
<tb>WRPPG0000051treebank</tb>
<tb>WRPPG0000052treebank</tb>
<tb>WRPPG0000053treebank</tb>
<tb>WRPPG0000054treebank</tb>
<tb>WRPPG0000055treebank</tb>
<tb>WRPPG0000056treebank</tb>
<tb>WRPPG0000057treebank</tb>
<tb>WRPPG0000058treebank</tb>
<tb>WRPPG0000059treebank</tb>
<tb>WRPPG0000060treebank</tb>
<tb>WRPPG0000061treebank</tb>
<tb>WRPPG0000062treebank</tb>
<tb>WRPPG0000063treebank</tb>
<tb>WRPPG0000064treebank</tb>
<tb>WRPPG0000065treebank</tb>
<tb>WRPPG0000066treebank</tb>
<tb>WRPPG0000067treebank</tb>
<tb>WRPPG0000068treebank</tb>
<tb>WRPPG0000069treebank</tb>
<tb>WRPPG0000070treebank</tb>
<tb>WRPPG0000071treebank</tb>
<tb>WRPPG0000072treebank</tb>
<tb>WRPPG0000073treebank</tb>
<tb>WRPPG0000074treebank</tb>
<tb>WRPPG0000075treebank</tb>
<tb>WRPPG0000076treebank</tb>
<tb>WRPPG0000077treebank</tb>
<tb>WRPPG0000078treebank</tb>
<tb>WRPPG0000079treebank</tb>
<tb>WRPPG0000080treebank</tb>
<tb>WRPPG0000081treebank</tb>
<tb>WRPPG0000082treebank</tb>
<tb>WRPPG0000083treebank</tb>
<tb>WRPPG0000084treebank</tb>
<tb>WRPPG0000085treebank</tb>
<tb>WRPPG0000086treebank</tb>
<tb>WRPPG0000087treebank</tb>
<tb>WRPPG0000088treebank</tb>
<tb>WRPPG0000089treebank</tb>
<tb>WRPPG0000090treebank</tb>
<tb>WRPPG0000091treebank</tb>
<tb>WRPPG0000092treebank</tb>
<tb>WRPPG0000093treebank</tb>
<tb>WRPPG0000094treebank</tb>
<tb>WRPPG0000095treebank</tb>
<tb>WRPPG0000096treebank</tb>
<tb>WRPPG0000097treebank</tb>
<tb>WRPPG0000098treebank</tb>
<tb>WRPPG0000099treebank</tb>
<tb>WRPPG0000100treebank</tb>
<tb>WRPPG0000101treebank</tb>
<tb>WRPPG0000102treebank</tb>
<tb>WRPPG0000103treebank</tb>
<tb>WRPPG0000104treebank</tb>
<tb>WRPPG0000105treebank</tb>
<tb>WRPPG0000106treebank</tb>
<tb>WRPPG0000107treebank</tb>
<tb>WRPPG0000108treebank</tb>
<tb>WRPPG0000109treebank</tb>
<tb>WRPPG0000110treebank</tb>
<tb>WRPPG0000111treebank</tb>
<tb>WRPPG0000112treebank</tb>
<tb>WRPPG0000113treebank</tb>
<tb>WRPPG0000114treebank</tb>
<tb>WRPPG0000115treebank</tb>
<tb>WRPPG0000116treebank</tb>
<tb>WRPPG0000117treebank</tb>
<tb>WRPPG0000118treebank</tb>
<tb>WRPPG0000119treebank</tb>
<tb>WRPPG0000120treebank</tb>
<tb>WRPPG0000121treebank</tb>
<tb>WRPPG0000122treebank</tb>
<tb>WRPPG0000123treebank</tb>
<tb>WRPPG0000124treebank</tb>
<tb>WRPPG0000125treebank</tb>
<tb>WRPPG0000126treebank</tb>
<tb>WRPPG0000127treebank</tb>
<tb>WRPPG0000128treebank</tb>
<tb>WRPPG0000129treebank</tb>
<tb>WRPPG0000130treebank</tb>
<tb>WRPPG0000131treebank</tb>
<tb>WRPPG0000132treebank</tb>
<tb>WRPPG0000133treebank</tb>
<tb>WRPPG0000134treebank</tb>
<tb>WRPPG0000135treebank</tb>
<tb>WRPPG0000136treebank</tb>
<tb>WRPPG0000137treebank</tb>
<tb>WRPPG0000138treebank</tb>
<tb>WRPPG0000139treebank</tb>
<tb>WRPPG0000140treebank</tb>
<tb>WRPPG0000141treebank</tb>
<tb>WRPPG0000142treebank</tb>
<tb>WRPPG0000143treebank</tb>
<tb>WRPPG0000144treebank</tb>
<tb>WRPPG0000145treebank</tb>
<tb>WRPPG0000146treebank</tb>
<tb>WRPPG0000147treebank</tb>
<tb>WRPPG0000148treebank</tb>
<tb>WRPPG0000149treebank</tb>
<tb>WRPPG0000150treebank</tb>
<tb>WRPPG0000151treebank</tb>
<tb>WRPPG0000152treebank</tb>
<tb>WRPPG0000153treebank</tb>
<tb>WRPPG0000154treebank</tb>
<tb>WRPPG0000155treebank</tb>
<tb>WRPPG0000156treebank</tb>
<tb>WRPPG0000157treebank</tb>
<tb>WRPPG0000158treebank</tb>
<tb>WRPPG0000159treebank</tb>
<tb>WRPPG0000160treebank</tb>
<tb>WRPPG0000161treebank</tb>
<tb>WRPPG0000162treebank</tb>
<tb>WRPPG0000163treebank</tb>
<tb>WRPPG0000164treebank</tb>
<tb>WRPPG0000165treebank</tb>
<tb>WRPPG0000166treebank</tb>
<tb>WRPPG0000167treebank</tb>
<tb>WRPPG0000168treebank</tb>
<tb>WRPPG0000169treebank</tb>
<tb>WRPPG0000170treebank</tb>
<tb>WRPPG0000171treebank</tb>
<tb>WRPPG0000172treebank</tb>
<tb>WRPPG0000173treebank</tb>
<tb>WRPPG0000174treebank</tb>
<tb>WRPPG0000175treebank</tb>
<tb>WRPPG0000176treebank</tb>
<tb>WRPPG0000177treebank</tb>
<tb>WRPPG0000178treebank</tb>
<tb>WRPPG0000179treebank</tb>
<tb>WRPPG0000180treebank</tb>
<tb>WRPPG0000181treebank</tb>
<tb>WRPPG0000182treebank</tb>
<tb>WRPPG0000183treebank</tb>
<tb>WRPPG0000184treebank</tb>
<tb>WRPPG0000185treebank</tb>
<tb>WRPPG0000186treebank</tb>
<tb>WRPPG0000187treebank</tb>
<tb>WRPPG0000188treebank</tb>
<tb>WRPPG0000189treebank</tb>
<tb>WRPPG0000190treebank</tb>
<tb>WRPPG0000191treebank</tb>
<tb>WRPPG0000192treebank</tb>
<tb>WRPPG0000193treebank</tb>
<tb>WRPPG0000194treebank</tb>
<tb>WRPPG0000195treebank</tb>
<tb>WRPPG0000196treebank</tb>
<tb>WRPPG0000197treebank</tb>
<tb>WRPPG0000198treebank</tb>
<tb>WRPPG0000199treebank</tb>
<tb>WRPPG0000200treebank</tb>
<tb>WRPPG0000201treebank</tb>
<tb>WRPPG0000202treebank</tb>
<tb>WRPPG0000203treebank</tb>
<tb>WRPPG0000204treebank</tb>
<tb>WRPPG0000205treebank</tb>
<tb>WRPPG0000206treebank</tb>
<tb>WRPPG0000207treebank</tb>
<tb>WRPPG0000208treebank</tb>
<tb>WRPPG0000209treebank</tb>
<tb>WRPPG0000210treebank</tb>
<tb>WRPPG0000211treebank</tb>
<tb>WRPPG0000212treebank</tb>
<tb>WRPPG0000213treebank</tb>
<tb>WRPPG0000214treebank</tb>
<tb>WRPPG0000215treebank</tb>
<tb>WRPPG0000216treebank</tb>
<tb>WRPPG0000217treebank</tb>
<tb>WRPPG0000218treebank</tb>
<tb>WRPPG0000219treebank</tb>
<tb>WRPPG0000220treebank</tb>
<tb>WRPPG0000221treebank</tb>
<tb>WRPPG0000222treebank</tb>
<tb>WRPPG0000223treebank</tb>
<tb>WRPPG0000224treebank</tb>
<tb>WRPPG0000225treebank</tb>
<tb>WRPPG0000226treebank</tb>
<tb>WRPPG0000227treebank</tb>
<tb>WRPPG0000228treebank</tb>
<tb>WRPPG0000229treebank</tb>
<tb>WRPPG0000230treebank</tb>
<tb>WRPPG0000231treebank</tb>
<tb>WRPPG0000232treebank</tb>
<tb>WRPPG0000233treebank</tb>
<tb>WRPPG0000234treebank</tb>
<tb>WRPPG0000235treebank</tb>
<tb>WRPPG0000236treebank</tb>
<tb>WRPPG0000237treebank</tb>
<tb>WRPPG0000238treebank</tb>
<tb>WRPPG0000239treebank</tb>
<tb>WRPPG0000240treebank</tb>
<tb>WRPPG0000241treebank</tb>
<tb>WRPPG0000242treebank</tb>
<tb>WRPPG0000243treebank</tb>
<tb>WRPPG0000244treebank</tb>
<tb>WRPPG0000245treebank</tb>
<tb>WRPPG0000246treebank</tb>
<tb>WRPPG0000247treebank</tb>
<tb>WRPPG0000248treebank</tb>
<tb>WRPPG0000249treebank</tb>
<tb>WRPPG0000250treebank</tb>
<tb>WRPPG0000251treebank</tb>
<tb>WRPPG0000252treebank</tb>
<tb>WRPPG0000253treebank</tb>
<tb>WRPPG0000254treebank</tb>
<tb>WRPPG0000255treebank</tb>
<tb>WRPPG0000256treebank</tb>
<tb>WRPPG0000257treebank</tb>
<tb>WRPPG0000258treebank</tb>
<tb>WRPPG0000259treebank</tb>
<tb>WRPPG0000260treebank</tb>
<tb>WRPPG0000261treebank</tb>
<tb>WRPPG0000262treebank</tb>
<tb>WRPPG0000263treebank</tb>
<tb>WRPPG0000264treebank</tb>
<tb>WRPPG0000265treebank</tb>
<tb>WRPPG0000266treebank</tb>
<tb>WRPPG0000267treebank</tb>
<tb>WRPPG0000268treebank</tb>
<tb>WRPPG0000269treebank</tb>
<tb>WRPPG0000270treebank</tb>
<tb>WRPPG0000271treebank</tb>
<tb>WRPPG0000272treebank</tb>
<tb>WRPPG0000273treebank</tb>
<tb>WRPPG0000274treebank</tb>
<tb>WRPPG0000275treebank</tb>
<tb>WRPPG0000276treebank</tb>
<tb>WRPPG0000277treebank</tb>
<tb>WRPPG0000278treebank</tb>
<tb>WRPPG0000279treebank</tb>
<tb>WRPPG0000280treebank</tb>
<tb>WRPPG0000281treebank</tb>
<tb>WRPPG0000282treebank</tb>
<tb>WRPPG0000283treebank</tb>
<tb>WRPPG0000284treebank</tb>
<tb>WRPPG0000285treebank</tb>
<tb>WRPPG0000286treebank</tb>
<tb>WRPPG0000287treebank</tb>
<tb>WRPPG0000288treebank</tb>
<tb>WRPPG0000289treebank</tb>
<tb>WRPPG0000290treebank</tb>
<tb>WRPPG0000291treebank</tb>
<tb>WRPPG0000292treebank</tb>
<tb>WRPPG0000293treebank</tb>
<tb>WRPPG0000294treebank</tb>
<tb>WRPPG0000295treebank</tb>
<tb>WRPPG0000296treebank</tb>
<tb>WRPPG0000297treebank</tb>
<tb>WRPPG0000298treebank</tb>
<tb>WRPPG0000299treebank</tb>
<tb>WRPPG0000300treebank</tb>
<tb>WRPPG0000301treebank</tb>
<tb>WRPPG0000302treebank</tb>
<tb>WRPPG0000303treebank</tb>
<tb>WRPPG0000304treebank</tb>
<tb>WRPPG0000305treebank</tb>
<tb>WRPPG0000306treebank</tb>
<tb>WRPPG0000307treebank</tb>
<tb>WRPPG0000308treebank</tb>
<tb>WRPPG0000309treebank</tb>
<tb>WRPPG0000310treebank</tb>
<tb>WRPPG0000311treebank</tb>
<tb>WRPPG0000312treebank</tb>
<tb>WRPPG0000313treebank</tb>
<tb>WRPPG0000314treebank</tb>
<tb>WRPPG0000315treebank</tb>
<tb>WRPPG0000316treebank</tb>
<tb>WRPPG0000317treebank</tb>
<tb>WRPPG0000318treebank</tb>
<tb>WRPPG0000319treebank</tb>
<tb>WRPPG0000320treebank</tb>
<tb>WRPPG0000321treebank</tb>
<tb>WRPPG0000322treebank</tb>
<tb>WRPPG0000323treebank</tb>
<tb>WRPPG0000324treebank</tb>
<tb>WRPPG0000325treebank</tb>
<tb>WRPPG0000326treebank</tb>
<tb>WRPPG0000327treebank</tb>
<tb>WRPPG0000328treebank</tb>
<tb>WRPPG0000329treebank</tb>
<tb>WRPPG0000330treebank</tb>
<tb>WRPPG0000331treebank</tb>
<tb>WRPPG0000332treebank</tb>
<tb>WRPPG0000333treebank</tb>
<tb>WRPPG0000334treebank</tb>
<tb>WRPPG0000335treebank</tb>
<tb>WRPPG0000336treebank</tb>
<tb>WRPPG0000337treebank</tb>
<tb>WRPPG0000338treebank</tb>
<tb>WRPPG0000339treebank</tb>
<tb>WRPPG0000340treebank</tb>
<tb>WRPPG0000341treebank</tb>
<tb>WRPPG0000342treebank</tb>
<tb>WRPPG0000343treebank</tb>
<tb>WRPPG0000344treebank</tb>
<tb>WRPPG0000345treebank</tb>
<tb>WRPPG0000346treebank</tb>
<tb>WRPPG0000347treebank</tb>
<tb>WRPPG0000348treebank</tb>
<tb>WRPPG0000349treebank</tb>
<tb>WRPPG0000350treebank</tb>
<tb>WRPPG0000351treebank</tb>
<tb>WRPPG0000352treebank</tb>
<tb>WRPPG0000353treebank</tb>
<tb>WRPPG0000354treebank</tb>
<tb>WRPPG0000355treebank</tb>
<tb>WRPPG0000356treebank</tb>
<tb>WRPPG0000357treebank</tb>
<tb>WRPPG0000358treebank</tb>
<tb>WRPPG0000359treebank</tb>
<tb>WRPPG0000360treebank</tb>
<tb>WRPPG0000361treebank</tb>
<tb>WRPPG0000362treebank</tb>
<tb>WRPPG0000363treebank</tb>
<tb>WRPPG0000364treebank</tb>
<tb>WRPPG0000365treebank</tb>
<tb>WRPPG0000366treebank</tb>
<tb>WRPPG0000367treebank</tb>
<tb>WRPPG0000368treebank</tb>
<tb>WRPPG0000369treebank</tb>
<tb>WRPPG0000370treebank</tb>
<tb>WRPPG0000371treebank</tb>
<tb>WRPPG0000372treebank</tb>
<tb>WRPPG0000373treebank</tb>
<tb>WRPPG0000374treebank</tb>
<tb>WRPPG0000375treebank</tb>
<tb>WRPPG0000376treebank</tb>
<tb>WRPPG0000377treebank</tb>
<tb>WRPPG0000378treebank</tb>
<tb>WRPPG0000379treebank</tb>
<tb>WRPPG0000380treebank</tb>
<tb>WRPPG0000381treebank</tb>
<tb>WRPPG0000382treebank</tb>
<tb>WRPPG0000383treebank</tb>
<tb>WRPPG0000384treebank</tb>
<tb>WRPPG0000385treebank</tb>
<tb>WRPPG0000386treebank</tb>
<tb>WRPPG0000387treebank</tb>
<tb>WRPPG0000388treebank</tb>
<tb>WRPPG0000389treebank</tb>
<tb>WRPPG0000390treebank</tb>
<tb>WRPPG0000391treebank</tb>
<tb>WRPPG0000392treebank</tb>
<tb>WRPPG0000393treebank</tb>
<tb>WRPPG0000394treebank</tb>
<tb>WRPPG0000395treebank</tb>
<tb>WRPPG0000396treebank</tb>
<tb>WRPPG0000397treebank</tb>
<tb>WRPPG0000398treebank</tb>
<tb>WRPPG0000399treebank</tb>
<tb>WRPPG0000400treebank</tb>
<tb>WRPPG0000401treebank</tb>
<tb>WRPPG0000402treebank</tb>
<tb>WRPPG0000403treebank</tb>
<tb>WRPPG0000404treebank</tb>
<tb>WRPPG0000405treebank</tb>
<tb>WRPPG0000406treebank</tb>
<tb>WRPPG0000407treebank</tb>
<tb>WRPPG0000408treebank</tb>
<tb>WRPPG0000409treebank</tb>
<tb>WRPPG0000410treebank</tb>
<tb>WRPPG0000411treebank</tb>
<tb>WRPPG0000412treebank</tb>
<tb>WRPPG0000413treebank</tb>
<tb>WRPPG0000414treebank</tb>
<tb>WRPPG0000415treebank</tb>
<tb>WRPPG0000416treebank</tb>
<tb>WRPPG0000417treebank</tb>
<tb>WRPPG0000418treebank</tb>
<tb>WRPPG0000419treebank</tb>
<tb>WRPPG0000420treebank</tb>
<tb>WRPPG0000421treebank</tb>
<tb>WRPPG0000422treebank</tb>
<tb>WRPPG0000423treebank</tb>
<tb>WRPPG0000424treebank</tb>
<tb>WRPPG0000425treebank</tb>
<tb>WRPPG0000426treebank</tb>
<tb>WRPPG0000427treebank</tb>
<tb>WRPPG0000428treebank</tb>
<tb>WRPPG0000429treebank</tb>
<tb>WRPPG0000430treebank</tb>
<tb>WRPPG0000431treebank</tb>
<tb>WRPPG0000432treebank</tb>
<tb>WRPPG0000433treebank</tb>
<tb>WRPPG0000434treebank</tb>
<tb>WRPPG0000435treebank</tb>
<tb>WRPPG0000436treebank</tb>
<tb>WRPPG0000437treebank</tb>
<tb>WRPPG0000438treebank</tb>
<tb>WRPPG0000439treebank</tb>
<tb>WRPPG0000440treebank</tb>
<tb>WRPPG0000441treebank</tb>
<tb>WRPPG0000442treebank</tb>
<tb>WRPPG0000443treebank</tb>
<tb>WRPPG0000444treebank</tb>
<tb>WRPPG0000445treebank</tb>
<tb>WRPPG0000446treebank</tb>
<tb>WRPPG0000447treebank</tb>
<tb>WRPPG0000448treebank</tb>
<tb>WRPPG0000449treebank</tb>
<tb>WRPPG0000450treebank</tb>
<tb>WRPPG0000451treebank</tb>
<tb>WRPPG0000452treebank</tb>
<tb>WRPPG0000453treebank</tb>
<tb>WRPPG0000454treebank</tb>
<tb>WRPPG0000455treebank</tb>
<tb>WRPPG0000456treebank</tb>
<tb>WRPPG0000457treebank</tb>
<tb>WRPPG0000458treebank</tb>
<tb>WRPPG0000459treebank</tb>
<tb>WRPPG0000460treebank</tb>
<tb>WRPPG0000461treebank</tb>
<tb>WRPPG0000462treebank</tb>
<tb>WRPPG0000463treebank</tb>
<tb>WRPPG0000464treebank</tb>
<tb>WRPPG0000465treebank</tb>
<tb>WRPPG0000466treebank</tb>
<tb>WRPPG0000467treebank</tb>
<tb>WRPPG0000468treebank</tb>
<tb>WRPPG0000469treebank</tb>
<tb>WRPPG0000470treebank</tb>
<tb>WRPPG0000471treebank</tb>
<tb>WRPPG0000472treebank</tb>
<tb>WRPPG0000473treebank</tb>
<tb>WRPPG0000474treebank</tb>
<tb>WRPPG0000475treebank</tb>
<tb>WRPPG0000476treebank</tb>
<tb>WRPPG0000477treebank</tb>
<tb>WRPPG0000478treebank</tb>
<tb>WRPPG0000479treebank</tb>
<tb>WRPPG0000480treebank</tb>
<tb>WRPPG0000481treebank</tb>
<tb>WRPPG0000482treebank</tb>
<tb>WRPPG0000483treebank</tb>
<tb>WRPPG0000484treebank</tb>
<tb>WRPPG0000485treebank</tb>
<tb>WRPPG0000486treebank</tb>
<tb>WRPPG0000487treebank</tb>
<tb>WRPPG0000488treebank</tb>
<tb>WRPPG0000489treebank</tb>
<tb>WRPPG0000490treebank</tb>
<tb>WRPPG0000491treebank</tb>
<tb>WRPPG0000492treebank</tb>
<tb>WRPPG0000493treebank</tb>
<tb>WRPPG0000494treebank</tb>
<tb>WRPPG0000495treebank</tb>
<tb>WRPPG0000496treebank</tb>
<tb>WRPPG0000497treebank</tb>
<tb>WRPPG0000498treebank</tb>
<tb>WRPPG0000499treebank</tb>
<tb>WRPPG0000500treebank</tb>
<tb>WRPPG0000501treebank</tb>
<tb>WRPPG0000502treebank</tb>
<tb>WRPPG0000503treebank</tb>
<tb>WRPPG0000504treebank</tb>
<tb>WRPPG0000505treebank</tb>
<tb>WRPPG0000506treebank</tb>
<tb>WRPPG0000507treebank</tb>
<tb>WRPPG0000508treebank</tb>
<tb>WRPPG0000509treebank</tb>
<tb>WRPPG0000510treebank</tb>
<tb>WRPPG0000511treebank</tb>
<tb>WRPPG0000512treebank</tb>
<tb>WRPPG0000513treebank</tb>
<tb>WRPPG0000514treebank</tb>
<tb>WRPPG0000515treebank</tb>
<tb>WRPPG0000516treebank</tb>
<tb>WRPPG0000517treebank</tb>
<tb>WRPPG0000518treebank</tb>
<tb>WRPPG0000519treebank</tb>
<tb>WRPPG0000520treebank</tb>
<tb>WRPPG0000521treebank</tb>
<tb>WRPPG0000522treebank</tb>
<tb>WRPPG0000523treebank</tb>
<tb>WRPPG0000524treebank</tb>
<tb>WRPPG0000525treebank</tb>
<tb>WRPPG0000526treebank</tb>
<tb>WRPPG0000527treebank</tb>
<tb>WRPPG0000528treebank</tb>
<tb>WRPPG0000529treebank</tb>
<tb>WRPPG0000530treebank</tb>
<tb>WRPPG0000531treebank</tb>
<tb>WRPPG0000532treebank</tb>
<tb>WRPPG0000533treebank</tb>
<tb>WRPPG0000534treebank</tb>
<tb>WRPPG0000535treebank</tb>
<tb>WRPPG0000536treebank</tb>
<tb>WRPPG0000537treebank</tb>
<tb>WRPPG0000538treebank</tb>
<tb>WRPPG0000539treebank</tb>
<tb>WRPPG0000540treebank</tb>
<tb>WRPPG0000541treebank</tb>
<tb>WRPPG0000542treebank</tb>
<tb>WRPPG0000543treebank</tb>
<tb>WRPPG0000544treebank</tb>
<tb>WRPPG0000545treebank</tb>
<tb>WRPPG0000546treebank</tb>
<tb>WRPPG0000547treebank</tb>
<tb>WRPPG0000548treebank</tb>
<tb>WRPPG0000549treebank</tb>
<tb>WRPPG0000550treebank</tb>
<tb>WRPPG0000551treebank</tb>
<tb>WRPPG0000552treebank</tb>
<tb>WRPPG0000553treebank</tb>
<tb>WRPPG0000554treebank</tb>
<tb>WRPPG0000555treebank</tb>
<tb>WRPPG0000556treebank</tb>
<tb>WRPPG0000557treebank</tb>
<tb>WRPPG0000558treebank</tb>
<tb>WRPPG0000559treebank</tb>
<tb>WRPPG0000560treebank</tb>
<tb>WRPPG0000561treebank</tb>
<tb>WRPPG0000562treebank</tb>
<tb>WRPPG0000563treebank</tb>
<tb>WRPPG0000564treebank</tb>
<tb>WRPPG0000565treebank</tb>
<tb>WRPPG0000566treebank</tb>
<tb>WRPPG0000567treebank</tb>
<tb>WRPPG0000568treebank</tb>
<tb>WRPPG0000569treebank</tb>
<tb>WRPPG0000570treebank</tb>
<tb>WRPPG0000571treebank</tb>
<tb>WRPPG0000572treebank</tb>
<tb>WRPPG0000573treebank</tb>
<tb>WRPPG0000574treebank</tb>
<tb>WRPPG0000575treebank</tb>
<tb>WRPPG0000576treebank</tb>
<tb>WRPPG0000577treebank</tb>
<tb>WRPPG0000578treebank</tb>
<tb>WRPPG0000579treebank</tb>
<tb>WRPPG0000580treebank</tb>
<tb>WRPPG0000581treebank</tb>
<tb>WRPPG0000582treebank</tb>
<tb>WRPPG0000583treebank</tb>
<tb>WRPPG0000584treebank</tb>
<tb>WRPPG0000585treebank</tb>
<tb>WRPPG0000586treebank</tb>
<tb>WRPPG0000587treebank</tb>
<tb>WRPPG0000588treebank</tb>
<tb>WRPPG0000589treebank</tb>
<tb>WRPPG0000590treebank</tb>
<tb>WRPPG0000591treebank</tb>
<tb>WRPPG0000592treebank</tb>
<tb>WRPPG0000593treebank</tb>
<tb>WRPPG0000594treebank</tb>
<tb>WRPPG0000595treebank</tb>
<tb>WRPPG0000596treebank</tb>
<tb>WRPPG0000597treebank</tb>
<tb>WRPPG0000598treebank</tb>
<tb>WRPPG0000599treebank</tb>
<tb>WRPPG0000600treebank</tb>
<tb>WRPPG0000601treebank</tb>
<tb>WRPPG0000602treebank</tb>
<tb>WRPPG0000603treebank</tb>
<tb>WRPPG0000604treebank</tb>
<tb>WRPPG0000605treebank</tb>
<tb>WRPPG0000606treebank</tb>
<tb>WRPPG0000607treebank</tb>
<tb>WRPPG0000608treebank</tb>
<tb>WRPPG0000609treebank</tb>
<tb>WRPPG0000610treebank</tb>
<tb>WRPPG0000611treebank</tb>
<tb>WRPPG0000612treebank</tb>
<tb>WRPPG0000613treebank</tb>
<tb>WRPPG0000614treebank</tb>
<tb>WRPPG0000615treebank</tb>
<tb>WRPPG0000616treebank</tb>
<tb>WRPPG0000617treebank</tb>
<tb>WRPPG0000618treebank</tb>
<tb>WRPPG0000619treebank</tb>
<tb>WRPPG0000620treebank</tb>
<tb>WRPPG0000621treebank</tb>
<tb>WRPPG0000622treebank</tb>
<tb>WRPPG0000623treebank</tb>
<tb>WRPPG0000624treebank</tb>
<tb>WRPPG0000625treebank</tb>
<tb>WRPPG0000626treebank</tb>
<tb>WRPPG0000627treebank</tb>
<tb>WRPPG0000628treebank</tb>
<tb>WRPPG0000629treebank</tb>
<tb>WRPPG0000630treebank</tb>
<tb>WRPPG0000631treebank</tb>
<tb>WRPPG0000632treebank</tb>
<tb>WRPPG0000633treebank</tb>
<tb>WRPPG0000634treebank</tb>
<tb>WRPPG0000635treebank</tb>
<tb>WRPPG0000636treebank</tb>
<tb>WRPPG0000637treebank</tb>
<tb>WRPPG0000638treebank</tb>
<tb>WRPPG0000639treebank</tb>
<tb>WRPPG0000640treebank</tb>
<tb>WRPPG0000641treebank</tb>
<tb>WRPPG0000642treebank</tb>
<tb>WRPPG0000643treebank</tb>
<tb>WRPPG0000644treebank</tb>
<tb>WRPPG0000645treebank</tb>
<tb>WRPPG0000646treebank</tb>
<tb>WRPPG0000647treebank</tb>
<tb>WRPPG0000648treebank</tb>
<tb>WRPPG0000649treebank</tb>
<tb>WRPPG0000650treebank</tb>
<tb>WRPPG0000651treebank</tb>
<tb>WRPPG0000652treebank</tb>
<tb>WRPPG0000653treebank</tb>
<tb>WRPPG0000654treebank</tb>
<tb>WRPPG0000655treebank</tb>
<tb>WRPPG0000656treebank</tb>
<tb>WRPPG0000657treebank</tb>
<tb>WRPPG0000658treebank</tb>
<tb>WRPPG0000659treebank</tb>
<tb>WRPPG0000660treebank</tb>
<tb>WRPPG0000661treebank</tb>
<tb>WRPPG0000662treebank</tb>
<tb>WRPPG0000663treebank</tb>
<tb>WRPPG0000664treebank</tb>
<tb>WRPPG0000665treebank</tb>
<tb>WRPPG0000666treebank</tb>
<tb>WRPPG0000667treebank</tb>
<tb>WRPPG0000668treebank</tb>
<tb>WRPPG0000669treebank</tb>
<tb>WRPPG0000670treebank</tb>
<tb>WRPPG0000671treebank</tb>
<tb>WRPPG0000672treebank</tb>
<tb>WRPPG0000673treebank</tb>
<tb>WRPPG0000674treebank</tb>
<tb>WRPPG0000675treebank</tb>
<tb>WRPPG0000676treebank</tb>
<tb>WRPPG0000677treebank</tb>
<tb>WRPPG0000678treebank</tb>
<tb>WRPPG0000679treebank</tb>
<tb>WRPPG0000680treebank</tb>
<tb>WRPPG0000681treebank</tb>
<tb>WRPPG0000682treebank</tb>
<tb>WRPPG0000683treebank</tb>
<tb>WRPPG0000684treebank</tb>
<tb>WRPPG0000685treebank</tb>
<tb>WRPPG0000686treebank</tb>
<tb>WRPPG0000687treebank</tb>
<tb>WRPPG0000688treebank</tb>
<tb>WRPPG0000689treebank</tb>
<tb>WRPPG0000690treebank</tb>
<tb>WRPPG0000691treebank</tb>
<tb>WRPPG0000692treebank</tb>
<tb>WRPPG0000693treebank</tb>
<tb>WRPPG0000694treebank</tb>
<tb>WRPPG0000695treebank</tb>
<tb>WRPPG0000696treebank</tb>
<tb>WRPPG0000697treebank</tb>
<tb>WRPPG0000698treebank</tb>
<tb>WRPPG0000699treebank</tb>
<tb>WRPPG0000700treebank</tb>
<tb>WRPPG0000701treebank</tb>
<tb>WRPPG0000702treebank</tb>
<tb>WRPPG0000703treebank</tb>
<tb>WRPPG0000704treebank</tb>
<tb>WRPPG0000705treebank</tb>
<tb>WRPPG0000706treebank</tb>
<tb>WRPPG0000707treebank</tb>
<tb>WRPPG0000708treebank</tb>
<tb>WRPPG0000709treebank</tb>
<tb>WRPPG0000710treebank</tb>
<tb>WRPPG0000711treebank</tb>
<tb>WRPPG0000712treebank</tb>
<tb>WRPPG0000713treebank</tb>
<tb>WRPPG0000714treebank</tb>
<tb>WRPPG0000715treebank</tb>
<tb>WRPPG0000716treebank</tb>
<tb>WRPPG0000717treebank</tb>
<tb>WRPPG0000718treebank</tb>
<tb>WRPPG0000719treebank</tb>
<tb>WRPPG0000720treebank</tb>
<tb>WRPPG0000721treebank</tb>
<tb>WRPPG0000722treebank</tb>
<tb>WRPPG0000723treebank</tb>
<tb>WRPPG0000724treebank</tb>
<tb>WRPPG0000725treebank</tb>
<tb>WRPPG0000726treebank</tb>
<tb>WRPPG0000727treebank</tb>
<tb>WRPPG0000728treebank</tb>
<tb>WRPPG0000729treebank</tb>
<tb>WRPPG0000730treebank</tb>
<tb>WRPPG0000731treebank</tb>
<tb>WRPPG0000732treebank</tb>
<tb>WRPPG0000733treebank</tb>
<tb>WRPPG0000734treebank</tb>
<tb>WRPPG0000735treebank</tb>
<tb>WRPPG0000736treebank</tb>
<tb>WRPPG0000737treebank</tb>
<tb>WRPPG0000738treebank</tb>
<tb>WRPPG0000739treebank</tb>
<tb>WRPPG0000740treebank</tb>
<tb>WRPPG0000741treebank</tb>
<tb>WRPPG0000742treebank</tb>
<tb>WRPPG0000743treebank</tb>
<tb>WRPPG0000744treebank</tb>
<tb>WRPPG0000745treebank</tb>
<tb>WRPPG0000746treebank</tb>
<tb>WRPPG0000747treebank</tb>
<tb>WRPPG0000748treebank</tb>
<tb>WRPPG0000749treebank</tb>
<tb>WRPPG0000750treebank</tb>
<tb>WRPPG0000751treebank</tb>
<tb>WRPPG0000752treebank</tb>
<tb>WRPPG0000753treebank</tb>
<tb>WRPPG0000754treebank</tb>
<tb>WRPPG0000755treebank</tb>
<tb>WRPPG0000756treebank</tb>
<tb>WRPPG0000757treebank</tb>
<tb>WRPPG0000758treebank</tb>
<tb>WRPPG0000759treebank</tb>
<tb>WRPPG0000760treebank</tb>
<tb>WRPPG0000761treebank</tb>
<tb>WRPPG0000762treebank</tb>
<tb>WRPPG0000763treebank</tb>
<tb>WRPPG0000764treebank</tb>
<tb>WRPPG0000765treebank</tb>
<tb>WRPPG0000766treebank</tb>
<tb>WRPPG0000767treebank</tb>
<tb>WRPPG0000768treebank</tb>
<tb>WRPPG0000769treebank</tb>
<tb>WRPPG0000770treebank</tb>
<tb>WRPPG0000771treebank</tb>
<tb>WRPPG0000772treebank</tb>
<tb>WRPPG0000773treebank</tb>
<tb>WRPPG0000774treebank</tb>
<tb>WRPPG0000775treebank</tb>
<tb>WRPPG0000776treebank</tb>
<tb>WRPPG0000777treebank</tb>
<tb>WRPPG0000778treebank</tb>
<tb>WRPPG0000779treebank</tb>
<tb>WRPPG0000780treebank</tb>
<tb>WRPPG0000781treebank</tb>
<tb>WRPPG0000782treebank</tb>
<tb>WRPPG0000783treebank</tb>
<tb>WRPPG0000784treebank</tb>
<tb>WRPPG0000785treebank</tb>
<tb>WRPPG0000786treebank</tb>
<tb>WRPPG0000787treebank</tb>
<tb>WRPPG0000788treebank</tb>
<tb>WRPPG0000789treebank</tb>
<tb>WRPPG0000790treebank</tb>
<tb>WRPPG0000791treebank</tb>
<tb>WRPPG0000792treebank</tb>
<tb>WRPPG0000793treebank</tb>
<tb>WRPPG0000794treebank</tb>
<tb>WRPPG0000795treebank</tb>
<tb>WRPPG0000796treebank</tb>
<tb>WRPPG0000797treebank</tb>
<tb>WRPPG0000798treebank</tb>
<tb>WRPPG0000799treebank</tb>
<tb>WRPPG0000800treebank</tb>
<tb>WRPPG0000801treebank</tb>
<tb>WRPPG0000802treebank</tb>
<tb>WRPPG0000803treebank</tb>
<tb>WRPPG0000804treebank</tb>
<tb>WRPPG0000805treebank</tb>
<tb>WRPPG0000806treebank</tb>
<tb>WRPPG0000807treebank</tb>
<tb>WRPPG0000808treebank</tb>
<tb>WRPPG0000809treebank</tb>
<tb>WRPPG0000810treebank</tb>
<tb>WRPPG0000811treebank</tb>
<tb>WRPPG0000812treebank</tb>
<tb>WRPPG0000813treebank</tb>
<tb>WRPPG0000814treebank</tb>
<tb>WRPPG0000815treebank</tb>
<tb>WRPPG0000816treebank</tb>
<tb>WRPPG0000817treebank</tb>
<tb>WRPPG0000818treebank</tb>
<tb>WRPPG0000819treebank</tb>
<tb>WRPPG0000820treebank</tb>
<tb>WRPPG0000821treebank</tb>
<tb>WRPPG0000822treebank</tb>
<tb>WRPPG0000823treebank</tb>
<tb>WRPPG0000824treebank</tb>
<tb>WRPPG0000825treebank</tb>
<tb>WRPPG0000826treebank</tb>
<tb>WRPPG0000827treebank</tb>
<tb>WRPPG0000828treebank</tb>
<tb>WRPPG0000829treebank</tb>
<tb>WRPPG0000830treebank</tb>
<tb>WRPPG0000831treebank</tb>
<tb>WRPPG0000832treebank</tb>
<tb>WRPPG0000833treebank</tb>
<tb>WRPPG0000834treebank</tb>
<tb>WRPPG0000835treebank</tb>
<tb>WRPPG0000836treebank</tb>
<tb>WRPPG0000837treebank</tb>
<tb>WRPPG0000838treebank</tb>
<tb>WRPPG0000839treebank</tb>
<tb>WRPPG0000840treebank</tb>
<tb>WRPPG0000841treebank</tb>
<tb>WRPPG0000842treebank</tb>
<tb>WRPPG0000843treebank</tb>
<tb>WRPPG0000844treebank</tb>
<tb>WRPPG0000845treebank</tb>
<tb>WRPPG0000846treebank</tb>
<tb>WRPPG0000847treebank</tb>
<tb>WRPPG0000848treebank</tb>
<tb>WRPPG0000849treebank</tb>
<tb>WRPPG0000850treebank</tb>
<tb>WRPPG0000851treebank</tb>
<tb>WRPPG0000852treebank</tb>
<tb>WRPPG0000853treebank</tb>
<tb>WRPPG0000854treebank</tb>
<tb>WRPPG0000855treebank</tb>
<tb>WRPPG0000856treebank</tb>
<tb>WRPPG0000857treebank</tb>
<tb>WRPPG0000858treebank</tb>
<tb>WRPPG0000859treebank</tb>
<tb>WRPPG0000860treebank</tb>
<tb>WRPPG0000861treebank</tb>
<tb>WRPPG0000862treebank</tb>
<tb>WRPPG0000863treebank</tb>
<tb>WRPPG0000864treebank</tb>
<tb>WRPPG0000865treebank</tb>
<tb>WRPPG0000866treebank</tb>
<tb>WRPPG0000867treebank</tb>
<tb>WRPPG0000868treebank</tb>
<tb>WRPPG0000869treebank</tb>
<tb>WRPPG0000870treebank</tb>
<tb>WRPPG0000871treebank</tb>
<tb>WRPPG0000872treebank</tb>
<tb>WRPPG0000873treebank</tb>
<tb>WRPPG0000874treebank</tb>
<tb>WRPPG0000875treebank</tb>
<tb>WRPPG0000876treebank</tb>
<tb>WRPPG0000877treebank</tb>
<tb>WRPPG0000878treebank</tb>
<tb>WRPPG0000879treebank</tb>
<tb>WRPPG0000880treebank</tb>
<tb>WRPPG0000881treebank</tb>
<tb>WRPPG0000882treebank</tb>
<tb>WRPPG0000883treebank</tb>
<tb>WRPPG0000884treebank</tb>
<tb>WRPPG0000885treebank</tb>
<tb>WRPPG0000886treebank</tb>
<tb>WRPPG0000887treebank</tb>
<tb>WRPPG0000888treebank</tb>
<tb>WRPPG0000889treebank</tb>
<tb>WRPPG0000890treebank</tb>
<tb>WRPPG0000891treebank</tb>
<tb>WRPPG0000892treebank</tb>
<tb>WRPPG0000893treebank</tb>
<tb>WRPPG0000894treebank</tb>
<tb>WRPPG0000895treebank</tb>
<tb>WRPPG0000896treebank</tb>
<tb>WRPPG0000897treebank</tb>
<tb>WRPPG0000898treebank</tb>
<tb>WRPPG0000899treebank</tb>
<tb>WRPPG0000900treebank</tb>
<tb>WRPPG0000901treebank</tb>
<tb>WRPPG0000902treebank</tb>
<tb>WRPPG0000903treebank</tb>
<tb>WRPPG0000904treebank</tb>
<tb>WRPPG0000905treebank</tb>
<tb>WRPPG0000906treebank</tb>
<tb>WRPPG0000907treebank</tb>
<tb>WRPPG0000908treebank</tb>
<tb>WRPPG0000909treebank</tb>
<tb>WRPPG0000910treebank</tb>
<tb>WRPPG0000911treebank</tb>
<tb>WRPPG0000912treebank</tb>
<tb>WRPPG0000913treebank</tb>
<tb>WRPPG0000914treebank</tb>
<tb>WRPPG0000915treebank</tb>
<tb>WRPPG0000916treebank</tb>
<tb>WRPPG0000917treebank</tb>
<tb>WRPPG0000918treebank</tb>
<tb>WRPPG0000919treebank</tb>
<tb>WRPPG0000920treebank</tb>
<tb>WRPPG0000921treebank</tb>
<tb>WRPPG0000922treebank</tb>
<tb>WRPPG0000923treebank</tb>
<tb>WRPPG0000924treebank</tb>
<tb>WRPPG0000925treebank</tb>
<tb>WRPPG0000926treebank</tb>
<tb>WRPPG0000927treebank</tb>
<tb>WRPPG0000928treebank</tb>
<tb>WRPPG0000929treebank</tb>
<tb>WRPPG0000930treebank</tb>
<tb>WRPPG0000931treebank</tb>
<tb>WRPPG0000932treebank</tb>
<tb>WRPPG0000933treebank</tb>
<tb>WRPPG0000934treebank</tb>
<tb>WRPPG0000935treebank</tb>
<tb>WRPPG0000936treebank</tb>
<tb>WRPPG0000937treebank</tb>
<tb>WRPPG0000938treebank</tb>
<tb>WRPPG0000939treebank</tb>
<tb>WRPPG0000940treebank</tb>
<tb>WRPPG0000941treebank</tb>
<tb>WRPPG0000942treebank</tb>
<tb>WRPPG0000943treebank</tb>
<tb>WRPPG0000944treebank</tb>
<tb>WRPPG0000945treebank</tb>
<tb>WRPPG0000946treebank</tb>
<tb>WRPPG0000947treebank</tb>
<tb>WRPPG0000948treebank</tb>
<tb>WRPPG0000949treebank</tb>
<tb>WRPPG0000950treebank</tb>
<tb>WRPPG0000951treebank</tb>
<tb>WRPPG0000952treebank</tb>
<tb>WRPPG0000953treebank</tb>
<tb>WRPPG0000954treebank</tb>
<tb>WRPPG0000955treebank</tb>
<tb>WRPPG0000956treebank</tb>
<tb>WRPPG0000957treebank</tb>
<tb>WRPPG0000958treebank</tb>
<tb>WRPPG0000959treebank</tb>
<tb>WRPPG0000960treebank</tb>
<tb>WRPPG0000961treebank</tb>
<tb>WRPPG0000962treebank</tb>
<tb>WRPPG0000963treebank</tb>
<tb>WRPPG0000964treebank</tb>
<tb>WRPPG0000965treebank</tb>
<tb>WRPPG0000966treebank</tb>
<tb>WRPPG0000967treebank</tb>
<tb>WRPPG0000968treebank</tb>
<tb>WRPPG0000969treebank</tb>
<tb>WRPPG0000970treebank</tb>
<tb>WRPPG0000971treebank</tb>
<tb>WRPPG0000972treebank</tb>
<tb>WRPPG0000973treebank</tb>
<tb>WRPPG0000974treebank</tb>
<tb>WRPPG0000975treebank</tb>
<tb>WRPPG0000976treebank</tb>
<tb>WRPPG0000977treebank</tb>
<tb>WRPPG0000978treebank</tb>
<tb>WRPPG0000979treebank</tb>
<tb>WRPPG0000980treebank</tb>
<tb>WRPPG0000981treebank</tb>
<tb>WRPPG0000982treebank</tb>
<tb>WRPPG0000983treebank</tb>
<tb>WRPPG0000984treebank</tb>
<tb>WRPPG0000985treebank</tb>
<tb>WRPPG0000986treebank</tb>
<tb>WRPPG0000987treebank</tb>
<tb>WRPPG0000988treebank</tb>
<tb>WRPPG0000989treebank</tb>
<tb>WRPPG0000990treebank</tb>
<tb>WRPPG0000991treebank</tb>
<tb>WRPPG0000992treebank</tb>
<tb>WRPPG0000993treebank</tb>
<tb>WRPPG0000994treebank</tb>
<tb>WRPPG0000995treebank</tb>
<tb>WRPPG0000996treebank</tb>
<tb>WRPPG0000997treebank</tb>
<tb>WRPPG0000998treebank</tb>
<tb>WRPPG0000999treebank</tb>
<tb>WRPPG0001000treebank</tb>
<tb>WRPPG0001001treebank</tb>
<tb>WRPPG0001002treebank</tb>
<tb>WRPPG0001003treebank</tb>
<tb>WRPPG0001004treebank</tb>
<tb>WRPPG0001005treebank</tb>
<tb>WRPPG0001006treebank</tb>
<tb>WRPPG0001007treebank</tb>
<tb>WRPPG0001008treebank</tb>
<tb>WRPPG0001009treebank</tb>
<tb>WRPPG0001010treebank</tb>
<tb>WRPPG0001011treebank</tb>
<tb>WRPPG0001012treebank</tb>
<tb>WRPPG0001013treebank</tb>
<tb>WRPPG0001014treebank</tb>
<tb>WRPPG0001015treebank</tb>
<tb>WRPPG0001016treebank</tb>
<tb>WRPPG0001017treebank</tb>
<tb>WRPPG0001018treebank</tb>
<tb>WRPPG0001019treebank</tb>
<tb>WRPPG0001020treebank</tb>
<tb>WRPPG0001021treebank</tb>
<tb>WRPPG0001022treebank</tb>
<tb>WRPPG0001023treebank</tb>
<tb>WRPPG0001024treebank</tb>
<tb>WRPPG0001025treebank</tb>
<tb>WRPPG0001026treebank</tb>
<tb>WRPPG0001027treebank</tb>
<tb>WRPPG0001028treebank</tb>
<tb>WRPPG0001029treebank</tb>
<tb>WRPPG0001030treebank</tb>
<tb>WRPPG0001031treebank</tb>
<tb>WRPPG0001032treebank</tb>
<tb>WRPPG0001033treebank</tb>
<tb>WRPPG0001034treebank</tb>
<tb>WRPPG0001035treebank</tb>
<tb>WRPPG0001036treebank</tb>
<tb>WRPPG0001037treebank</tb>
<tb>WRPPG0001038treebank</tb>
<tb>WRPPG0001039treebank</tb>
<tb>WRPPG0001040treebank</tb>
<tb>WRPPG0001041treebank</tb>
<tb>WRPPG0001042treebank</tb>
<tb>WRPPG0001043treebank</tb>
<tb>WRPPG0001044treebank</tb>
<tb>WRPPG0001045treebank</tb>
<tb>WRPPG0001046treebank</tb>
<tb>WRPPG0001047treebank</tb>
<tb>WRPPG0001048treebank</tb>
<tb>WRPPG0001049treebank</tb>
<tb>WRPPG0001050treebank</tb>
<tb>WRPPG0001051treebank</tb>
<tb>WRPPG0001052treebank</tb>
<tb>WRPPG0001053treebank</tb>
<tb>WRPPG0001054treebank</tb>
<tb>WRPPG0001055treebank</tb>
<tb>WRPPG0001056treebank</tb>
<tb>WRPPG0001057treebank</tb>
<tb>WRPPG0001058treebank</tb>
<tb>WRPPG0001059treebank</tb>
<tb>WRPPG0001060treebank</tb>
<tb>WRPPG0001061treebank</tb>
<tb>WRPPG0001062treebank</tb>
<tb>WRPPG0001063treebank</tb>
<tb>WRPPG0001064treebank</tb>
<tb>WRPPG0001065treebank</tb>
<tb>WRPPG0001066treebank</tb>
<tb>WRPPG0001067treebank</tb>
<tb>WRPPG0001068treebank</tb>
<tb>WRPPG0001069treebank</tb>
<tb>WRPPG0001070treebank</tb>
<tb>WRPPG0001071treebank</tb>
<tb>WRPPG0001072treebank</tb>
<tb>WRPPG0001073treebank</tb>
<tb>WRPPG0001074treebank</tb>
<tb>WRPPG0001075treebank</tb>
<tb>WRPPG0001076treebank</tb>
<tb>WRPPG0001077treebank</tb>
<tb>WRPPG0001078treebank</tb>
<tb>WRPPG0001079treebank</tb>
<tb>WRPPG0001080treebank</tb>
<tb>WRPPG0001081treebank</tb>
<tb>WRPPG0001082treebank</tb>
<tb>WRPPG0001083treebank</tb>
<tb>WRPPG0001084treebank</tb>
<tb>WRPPG0001085treebank</tb>
<tb>WRPPG0001086treebank</tb>
<tb>WRPPG0001087treebank</tb>
<tb>WRPPG0001088treebank</tb>
<tb>WRPPG0001089treebank</tb>
<tb>WRPPG0001090treebank</tb>
<tb>WRPPG0001091treebank</tb>
<tb>WRPPG0001092treebank</tb>
<tb>WRPPG0001093treebank</tb>
<tb>WRPPG0001094treebank</tb>
<tb>WRPPG0001095treebank</tb>
<tb>WRPPG0001096treebank</tb>
<tb>WRPPG0001097treebank</tb>
<tb>WRPPG0001098treebank</tb>
<tb>WRPPG0001099treebank</tb>
<tb>WRPPG0001100treebank</tb>
<tb>WRPPG0001101treebank</tb>
<tb>WRPPG0001102treebank</tb>
<tb>WRPPG0001103treebank</tb>
<tb>WRPPG0001104treebank</tb>
<tb>WRPPG0001105treebank</tb>
<tb>WRPPG0001106treebank</tb>
<tb>WRPPG0001107treebank</tb>
<tb>WRPPG0001108treebank</tb>
<tb>WRPPG0001109treebank</tb>
<tb>WRPPG0001110treebank</tb>
<tb>WRPPG0001111treebank</tb>
<tb>WRPPG0001112treebank</tb>
<tb>WRPPG0001113treebank</tb>
<tb>WRPPG0001114treebank</tb>
<tb>WRPPG0001115treebank</tb>
<tb>WRPPG0001116treebank</tb>
<tb>WRPPG0001117treebank</tb>
<tb>WRPPG0001118treebank</tb>
<tb>WRPPG0001119treebank</tb>
<tb>WRPPG0001120treebank</tb>
<tb>WRPPG0001121treebank</tb>
<tb>WRPPG0001122treebank</tb>
<tb>WRPPG0001123treebank</tb>
<tb>WRPPG0001124treebank</tb>
<tb>WRPPG0001125treebank</tb>
<tb>WRPPG0001126treebank</tb>
<tb>WRPPG0001127treebank</tb>
<tb>WRPPG0001128treebank</tb>
<tb>WRPPG0001129treebank</tb>
<tb>WRPPG0001130treebank</tb>
<tb>WRPPG0001131treebank</tb>
<tb>WRPPG0001132treebank</tb>
<tb>WRPPG0001133treebank</tb>
<tb>WRPPG0001134treebank</tb>
<tb>WRPPG0001135treebank</tb>
<tb>WRPPG0001136treebank</tb>
<tb>WRPPG0001137treebank</tb>
<tb>WRPPG0001138treebank</tb>
<tb>WRPPG0001139treebank</tb>
<tb>WRPPG0001140treebank</tb>
<tb>WRPPG0001141treebank</tb>
<tb>WRPPG0001142treebank</tb>
<tb>WRPPG0001143treebank</tb>
<tb>WRPPG0001144treebank</tb>
<tb>WRPPG0001145treebank</tb>
<tb>WRPPG0001146treebank</tb>
<tb>WRPPG0001147treebank</tb>
<tb>WRPPG0001148treebank</tb>
<tb>WRPPG0001149treebank</tb>
<tb>WRPPG0001150treebank</tb>
<tb>WRPPG0001151treebank</tb>
<tb>WRPPG0001152treebank</tb>
<tb>WRPPG0001153treebank</tb>
<tb>WRPPG0001154treebank</tb>
<tb>WRPPG0001155treebank</tb>
<tb>WRPPG0001156treebank</tb>
<tb>WRPPG0001157treebank</tb>
<tb>WRPPG0001158treebank</tb>
<tb>WRPPG0001159treebank</tb>
<tb>WRPPG0001160treebank</tb>
<tb>WRPPG0001161treebank</tb>
<tb>WRPPG0001162treebank</tb>
<tb>WRPPG0001163treebank</tb>
<tb>WRPPG0001164treebank</tb>
<tb>WRPPG0001165treebank</tb>
<tb>WRPPG0001166treebank</tb>
<tb>WRPPG0001167treebank</tb>
<tb>WRPPG0001168treebank</tb>
<tb>WRPPG0001169treebank</tb>
<tb>WRPPG0001170treebank</tb>
<tb>WRPPG0001171treebank</tb>
<tb>WRPPG0001172treebank</tb>
<tb>WRPPG0001173treebank</tb>
<tb>WRPPG0001174treebank</tb>
<tb>WRPPG0001175treebank</tb>
<tb>WRPPG0001176treebank</tb>
<tb>WRPPG0001177treebank</tb>
<tb>WRPPG0001178treebank</tb>
<tb>WRPPG0001179treebank</tb>
<tb>WRPPG0001180treebank</tb>
<tb>WRPPG0001181treebank</tb>
<tb>WRPPG0001182treebank</tb>
<tb>WRPPG0001183treebank</tb>
<tb>WRPPG0001184treebank</tb>
<tb>WRPPG0001185treebank</tb>
<tb>WRPPG0001186treebank</tb>
<tb>WRPPG0001187treebank</tb>
<tb>WRPPG0001188treebank</tb>
<tb>WRPPG0001189treebank</tb>
<tb>WRPPG0001190treebank</tb>
<tb>WRPPG0001191treebank</tb>
<tb>WRPPG0001192treebank</tb>
<tb>WRPPG0001193treebank</tb>
<tb>WRPPG0001194treebank</tb>
<tb>WRPPG0001195treebank</tb>
<tb>WRPPG0001196treebank</tb>
<tb>WRPPG0001197treebank</tb>
<tb>WRPPG0001198treebank</tb>
<tb>WRPPG0001199treebank</tb>
<tb>WRPPG0001200treebank</tb>
<tb>WRPPG0001201treebank</tb>
<tb>WRPPG0001202treebank</tb>
<tb>WRPPG0001203treebank</tb>
<tb>WRPPG0001204treebank</tb>
<tb>WRPPG0001205treebank</tb>
<tb>WRPPG0001206treebank</tb>
<tb>WRPPG0001207treebank</tb>
<tb>WRPPG0001208treebank</tb>
<tb>WRPPG0001209treebank</tb>
<tb>WRPPG0001210treebank</tb>
<tb>WRPPG0001211treebank</tb>
<tb>WRPPG0001212treebank</tb>
<tb>WRPPG0001213treebank</tb>
<tb>WRPPG0001214treebank</tb>
<tb>WRPPG0001215treebank</tb>
<tb>WRPPG0001216treebank</tb>
<tb>WRPPG0001217treebank</tb>
<tb>WRPPG0001218treebank</tb>
<tb>WRPPG0001219treebank</tb>
<tb>WRPPG0001220treebank</tb>
<tb>WRPPG0001221treebank</tb>
<tb>WRPPG0001222treebank</tb>
<tb>WRPPG0001223treebank</tb>
<tb>WRPPG0001224treebank</tb>
<tb>WRPPG0001225treebank</tb>
<tb>WRPPG0001226treebank</tb>
<tb>WRPPG0001227treebank</tb>
<tb>WRPPG0001228treebank</tb>
<tb>WRPPG0001229treebank</tb>
<tb>WRPPG0001230treebank</tb>
<tb>WRPPG0001231treebank</tb>
<tb>WRPPG0001232treebank</tb>
<tb>WRPPG0001233treebank</tb>
<tb>WRPPG0001234treebank</tb>
<tb>WRPPG0001235treebank</tb>
<tb>WRPPG0001236treebank</tb>
<tb>WRPPG0001237treebank</tb>
<tb>WRPPG0001238treebank</tb>
<tb>WRPPG0001239treebank</tb>
<tb>WRPPG0001240treebank</tb>
<tb>WRPPG0001241treebank</tb>
<tb>WRPPG0001242treebank</tb>
<tb>WRPPG0001243treebank</tb>
<tb>WRPPG0001244treebank</tb>
<tb>WRPPG0001245treebank</tb>
<tb>WRPPG0001246treebank</tb>
<tb>WRPPG0001247treebank</tb>
<tb>WRPPG0001248treebank</tb>
<tb>WRPPG0001249treebank</tb>
<tb>WRPPG0001250treebank</tb>
<tb>WRPPG0001251treebank</tb>
<tb>WRPPG0001252treebank</tb>
<tb>WRPPG0001253treebank</tb>
<tb>WRPPG0001254treebank</tb>
<tb>WRPPG0001255treebank</tb>
<tb>WRPPG0001256treebank</tb>
<tb>WRPPG0001257treebank</tb>
<tb>WRPPG0001258treebank</tb>
<tb>WRPPG0001259treebank</tb>
<tb>WRPPG0001260treebank</tb>
<tb>WRPPG0001261treebank</tb>
<tb>WRPPG0001262treebank</tb>
<tb>WRPPG0001263treebank</tb>
<tb>WRPPG0001264treebank</tb>
<tb>WRPPG0001265treebank</tb>
<tb>WRPPG0001266treebank</tb>
<tb>WRPPG0001267treebank</tb>
<tb>WRPPG0001268treebank</tb>
<tb>WRPPG0001269treebank</tb>
<tb>WRPPG0001270treebank</tb>
<tb>WRPPG0001271treebank</tb>
<tb>WRPPG0001272treebank</tb>
<tb>WRPPG0001273treebank</tb>
<tb>WRPPG0001274treebank</tb>
<tb>WRPPG0001275treebank</tb>
<tb>WRPPG0001276treebank</tb>
<tb>WRPPG0001277treebank</tb>
<tb>WRPPG0001278treebank</tb>
<tb>WRPPG0001279treebank</tb>
<tb>WRPPG0001280treebank</tb>
<tb>WRPPG0001281treebank</tb>
<tb>WRPPG0001282treebank</tb>
<tb>WRPPG0001283treebank</tb>
<tb>WRPPG0001284treebank</tb>
<tb>WRPPG0001285treebank</tb>
<tb>WRPPG0001286treebank</tb>
<tb>WRPPG0001287treebank</tb>
<tb>WRPPG0001288treebank</tb>
<tb>WRPPG0001289treebank</tb>
<tb>WRPPG0001290treebank</tb>
<tb>WRPPG0001291treebank</tb>
<tb>WRPPG0001292treebank</tb>
<tb>WRPPG0001293treebank</tb>
<tb>WRPPG0001294treebank</tb>
<tb>WRPPG0001295treebank</tb>
<tb>WRPPG0001296treebank</tb>
<tb>WRPPG0001297treebank</tb>
<tb>WRPPG0001298treebank</tb>
<tb>WRPPG0001299treebank</tb>
<tb>WRPPG0001300treebank</tb>
<tb>WRPPG0001301treebank</tb>
<tb>WRPPG0001302treebank</tb>
<tb>WRPPG0001303treebank</tb>
<tb>WRPPG0001304treebank</tb>
<tb>WRPPG0001305treebank</tb>
<tb>WRPPG0001306treebank</tb>
<tb>WRPPG0001307treebank</tb>
<tb>WRPPG0001308treebank</tb>
<tb>WRPPG0001309treebank</tb>
<tb>WRPPG0001310treebank</tb>
<tb>WRPPG0001311treebank</tb>
<tb>WRPPG0001312treebank</tb>
<tb>WRPPG0001313treebank</tb>
<tb>WRPPG0001314treebank</tb>
<tb>WRPPG0001315treebank</tb>
<tb>WRPPG0001316treebank</tb>
<tb>WRPPG0001317treebank</tb>
<tb>WRPPG0001318treebank</tb>
<tb>WRPPG0001319treebank</tb>
<tb>WRPPG0001320treebank</tb>
<tb>WRPPG0001321treebank</tb>
<tb>WRPPG0001322treebank</tb>
<tb>WRPPG0001323treebank</tb>
<tb>WRPPG0001324treebank</tb>
<tb>WRPPG0001325treebank</tb>
<tb>WRPPG0001326treebank</tb>
<tb>WRPPG0001327treebank</tb>
<tb>WRPPG0001328treebank</tb>
<tb>WRPPG0001329treebank</tb>
<tb>WRPPG0001330treebank</tb>
<tb>WRPPG0001331treebank</tb>
<tb>WRPPG0001332treebank</tb>
<tb>WRPPG0001333treebank</tb>
<tb>WRPPG0001334treebank</tb>
<tb>WRPPG0001335treebank</tb>
<tb>WRPPG0001336treebank</tb>
<tb>WRPPG0001337treebank</tb>
<tb>WRPPG0001338treebank</tb>
<tb>WRPPG0001339treebank</tb>
<tb>WRPPG0001340treebank</tb>
<tb>WRPPG0001341treebank</tb>
<tb>WRPPG0001342treebank</tb>
<tb>WRPPG0001343treebank</tb>
<tb>WRPPG0001344treebank</tb>
<tb>WRPPG0001345treebank</tb>
<tb>WRPPG0001346treebank</tb>
<tb>WRPPG0001347treebank</tb>
<tb>WRPPG0001348treebank</tb>
<tb>WRPPG0001349treebank</tb>
<tb>WRPPG0001350treebank</tb>
<tb>WRPPG0001351treebank</tb>
<tb>WRPPG0001352treebank</tb>
<tb>WRPPG0001353treebank</tb>
<tb>WRPPG0001354treebank</tb>
<tb>WRPPG0001355treebank</tb>
<tb>WRPPG0001356treebank</tb>
<tb>WRPPG0001357treebank</tb>
<tb>WRPPG0001358treebank</tb>
<tb>WRPPG0001359treebank</tb>
<tb>WRPPG0001360treebank</tb>
<tb>WRPPG0001361treebank</tb>
<tb>WRPPG0001362treebank</tb>
<tb>WRPPG0001363treebank</tb>
<tb>WRPPG0001364treebank</tb>
<tb>WRPPG0001365treebank</tb>
<tb>WRPPG0001366treebank</tb>
<tb>WRPPG0001367treebank</tb>
<tb>WRPPG0001368treebank</tb>
<tb>WRPPG0001369treebank</tb>
<tb>WRPPG0001370treebank</tb>
<tb>WRPPG0001371treebank</tb>
<tb>WRPPG0001372treebank</tb>
<tb>WRPPG0001373treebank</tb>
<tb>WRPPG0001374treebank</tb>
<tb>WRPPG0001375treebank</tb>
<tb>WRPPG0001376treebank</tb>
<tb>WRPPG0001377treebank</tb>
<tb>WRPPG0001378treebank</tb>
<tb>WRPPG0001379treebank</tb>
<tb>WRPPG0001380treebank</tb>
<tb>WRPPG0001381treebank</tb>
<tb>WRPPG0001382treebank</tb>
<tb>WRPPG0001383treebank</tb>
<tb>WRPPG0001384treebank</tb>
<tb>WRPPG0001385treebank</tb>
<tb>WRPPG0001386treebank</tb>
<tb>WRPPG0001387treebank</tb>
<tb>WRPPG0001388treebank</tb>
<tb>WRPPG0001389treebank</tb>
<tb>WRPPG0001390treebank</tb>
<tb>WRPPG0001391treebank</tb>
<tb>WRPPG0001392treebank</tb>
<tb>WRPPG0001393treebank</tb>
<tb>WRPPG0001394treebank</tb>
<tb>WRPPG0001395treebank</tb>
<tb>WRPPG0001396treebank</tb>
<tb>WRPPG0001397treebank</tb>
<tb>WRPPG0001398treebank</tb>
<tb>WRPPG0001399treebank</tb>
<tb>WRPPG0001400treebank</tb>
<tb>WRPPG0001401treebank</tb>
<tb>WRPPG0001402treebank</tb>
<tb>WRPPG0001403treebank</tb>
<tb>WRPPG0001404treebank</tb>
<tb>WRPPG0001405treebank</tb>
<tb>WRPPG0001406treebank</tb>
<tb>WRPPG0001407treebank</tb>
<tb>WRPPG0001408treebank</tb>
<tb>WRPPG0001409treebank</tb>
<tb>WRPPG0001410treebank</tb>
<tb>WRPPG0001411treebank</tb>
<tb>WRPPG0001412treebank</tb>
<tb>WRPPG0001413treebank</tb>
<tb>WRPPG0001414treebank</tb>
<tb>WRPPG0001415treebank</tb>
<tb>WRPPG0001416treebank</tb>
<tb>WRPPG0001417treebank</tb>
<tb>WRPPG0001418treebank</tb>
<tb>WRPPG0001419treebank</tb>
<tb>WRPPG0001420treebank</tb>
<tb>WRPPG0001421treebank</tb>
<tb>WRPPG0001422treebank</tb>
<tb>WRPPG0001423treebank</tb>
<tb>WRPPG0001424treebank</tb>
<tb>WRPPG0001425treebank</tb>
<tb>WRPPG0001426treebank</tb>
<tb>WRPPG0001427treebank</tb>
<tb>WRPPG0001428treebank</tb>
<tb>WRPPG0001429treebank</tb>
<tb>WRPPG0001430treebank</tb>
<tb>WRPPG0001431treebank</tb>
<tb>WRPPG0001432treebank</tb>
<tb>WRPPG0001433treebank</tb>
<tb>WRPPG0001434treebank</tb>
<tb>WRPPG0001435treebank</tb>
<tb>WRPPG0001436treebank</tb>
<tb>WRPPG0001437treebank</tb>
<tb>WRPPG0001438treebank</tb>
<tb>WRPPG0001439treebank</tb>
<tb>WRPPG0001440treebank</tb>
<tb>WRPPG0001441treebank</tb>
<tb>WRPPG0001442treebank</tb>
<tb>WRPPG0001443treebank</tb>
<tb>WRPPG0001444treebank</tb>
<tb>WRPPG0001445treebank</tb>
<tb>WRPPG0001446treebank</tb>
<tb>WRPPG0001447treebank</tb>
<tb>WRPPG0001448treebank</tb>
<tb>WRPPG0001449treebank</tb>
<tb>WRPPG0001450treebank</tb>
<tb>WRPPG0001451treebank</tb>
<tb>WRPPG0001452treebank</tb>
<tb>WRPPG0001453treebank</tb>
<tb>WRPPG0001454treebank</tb>
<tb>WRPPG0001455treebank</tb>
<tb>WRPPG0001456treebank</tb>
<tb>WRPPG0001457treebank</tb>
<tb>WRPPG0001458treebank</tb>
<tb>WRPPG0001459treebank</tb>
<tb>WRPPG0001460treebank</tb>
<tb>WRPPG0001461treebank</tb>
<tb>WRPPG0001462treebank</tb>
<tb>WRPPG0001463treebank</tb>
<tb>WRPPG0001464treebank</tb>
<tb>WRPPG0001465treebank</tb>
<tb>WRPPG0001466treebank</tb>
<tb>WRPPG0001467treebank</tb>
<tb>WRPPG0001468treebank</tb>
<tb>WRPPG0001469treebank</tb>
<tb>WRPPG0001470treebank</tb>
<tb>WRPPG0001471treebank</tb>
<tb>WRPPG0001472treebank</tb>
<tb>WRPPG0001473treebank</tb>
<tb>WRPPG0001474treebank</tb>
<tb>WRPPG0001475treebank</tb>
<tb>WRPPG0001476treebank</tb>
<tb>WRPPG0001477treebank</tb>
<tb>WRPPG0001478treebank</tb>
<tb>WRPPG0001479treebank</tb>
<tb>WRPPG0001480treebank</tb>
<tb>WRPPG0001481treebank</tb>
<tb>WRPPG0001482treebank</tb>
<tb>WRPPG0001483treebank</tb>
<tb>WRPPG0001484treebank</tb>
<tb>WRPPG0001485treebank</tb>
<tb>WRPPG0001486treebank</tb>
<tb>WRPPG0001487treebank</tb>
<tb>WRPPG0001488treebank</tb>
<tb>WRPPG0001489treebank</tb>
<tb>WRPPG0001490treebank</tb>
<tb>WRPPG0001491treebank</tb>
<tb>WRPPG0001492treebank</tb>
<tb>WRPPG0001493treebank</tb>
<tb>WRPPG0001494treebank</tb>
<tb>WRPPG0001495treebank</tb>
<tb>WRPPG0001496treebank</tb>
<tb>WRPPG0001497treebank</tb>
<tb>WRPPG0001498treebank</tb>
<tb>WRPPG0001499treebank</tb>
<tb>WRPPG0001500treebank</tb>
<tb>WRPPG0001501treebank</tb>
<tb>WRPPG0001502treebank</tb>
<tb>WRPPG0001503treebank</tb>
<tb>WRPPG0001504treebank</tb>
<tb>WRPPG0001505treebank</tb>