<tb>WRPPI0000000treebank</tb>
<tb>WRPPI0000001treebank</tb>
<tb>WRPPI0000002treebank</tb>
<tb>WRPPI0000003treebank</tb>
<tb>WRPPI0000004treebank</tb>
<tb>WRPPI0000005treebank</tb>
<tb>WRPPI0000006treebank</tb>
<tb>WRPPI0000007treebank</tb>
<tb>WRPPI0000008treebank</tb>
<tb>WRPPI0000009treebank</tb>
<tb>WRPPI0000010treebank</tb>
<tb>WRPPI0000011treebank</tb>
<tb>WRPPI0000012treebank</tb>
<tb>WRPPI0000013treebank</tb>
<tb>WRPPI0000014treebank</tb>
<tb>WRPPI0000015treebank</tb>
<tb>WRPPI0000016treebank</tb>
<tb>WRPPI0000017treebank</tb>
<tb>WRPPI0000018treebank</tb>
<tb>WRPPI0000019treebank</tb>
<tb>WRPPI0000020treebank</tb>
<tb>WRPPI0000021treebank</tb>
<tb>WRPPI0000022treebank</tb>
<tb>WRPPI0000023treebank</tb>
<tb>WRPPI0000024treebank</tb>
<tb>WRPPI0000025treebank</tb>
<tb>WRPPI0000026treebank</tb>
<tb>WRPPI0000027treebank</tb>
<tb>WRPPI0000028treebank</tb>
<tb>WRPPI0000029treebank</tb>
<tb>WRPPI0000030treebank</tb>
<tb>WRPPI0000031treebank</tb>
<tb>WRPPI0000032treebank</tb>
<tb>WRPPI0000033treebank</tb>
<tb>WRPPI0000034treebank</tb>
<tb>WRPPI0000035treebank</tb>
<tb>WRPPI0000036treebank</tb>
<tb>WRPPI0000037treebank</tb>
<tb>WRPPI0000038treebank</tb>
<tb>WRPPI0000039treebank</tb>
<tb>WRPPI0000040treebank</tb>
<tb>WRPPI0000041treebank</tb>
<tb>WRPPI0000042treebank</tb>
<tb>WRPPI0000043treebank</tb>