<tb>WRPPB0000000treebank</tb>
<tb>WRPPB0000001treebank</tb>
<tb>WRPPB0000002treebank</tb>
<tb>WRPPB0000003treebank</tb>
<tb>WRPPB0000004treebank</tb>
<tb>WRPPB0000005treebank</tb>
<tb>WRPPB0000006treebank</tb>
<tb>WRPPB0000007treebank</tb>
<tb>WRPPB0000008treebank</tb>
<tb>WRPPB0000009treebank</tb>
<tb>WRPPB0000010treebank</tb>
<tb>WRPPB0000011treebank</tb>
<tb>WRPPB0000012treebank</tb>
<tb>WRPPB0000013treebank</tb>
<tb>WRPPB0000014treebank</tb>
<tb>WRPPB0000015treebank</tb>
<tb>WRPPB0000016treebank</tb>
<tb>WRPPB0000017treebank</tb>
<tb>WRPPB0000018treebank</tb>
<tb>WRPPB0000019treebank</tb>
<tb>WRPPB0000020treebank</tb>
<tb>WRPPB0000021treebank</tb>
<tb>WRPPB0000022treebank</tb>
<tb>WRPPB0000023treebank</tb>
<tb>WRPPB0000024treebank</tb>
<tb>WRPPB0000025treebank</tb>
<tb>WRPPB0000026treebank</tb>
<tb>WRPPB0000027treebank</tb>
<tb>WRPPB0000028treebank</tb>
<tb>WRPPB0000029treebank</tb>
<tb>WRPPB0000030treebank</tb>
<tb>WRPPB0000031treebank</tb>
<tb>WRPPB0000032treebank</tb>
<tb>WRPPB0000033treebank</tb>
<tb>WRPPB0000034treebank</tb>
<tb>WRPPB0000035treebank</tb>
<tb>WRPPB0000036treebank</tb>
<tb>WRPPB0000037treebank</tb>
<tb>WRPPB0000038treebank</tb>
<tb>WRPPB0000039treebank</tb>
<tb>WRPPB0000040treebank</tb>
<tb>WRPPB0000041treebank</tb>
<tb>WRPPB0000042treebank</tb>
<tb>WRPPB0000043treebank</tb>
<tb>WRPPB0000044treebank</tb>
<tb>WRPPB0000045treebank</tb>
<tb>WRPPB0000046treebank</tb>
<tb>WRPPB0000047treebank</tb>
<tb>WRPPB0000048treebank</tb>
<tb>WRPPB0000049treebank</tb>
<tb>WRPPB0000050treebank</tb>
<tb>WRPPB0000051treebank</tb>
<tb>WRPPB0000052treebank</tb>
<tb>WRPPB0000053treebank</tb>
<tb>WRPPB0000054treebank</tb>
<tb>WRPPB0000055treebank</tb>
<tb>WRPPB0000056treebank</tb>
<tb>WRPPB0000057treebank</tb>
<tb>WRPPB0000058treebank</tb>
<tb>WRPPB0000059treebank</tb>
<tb>WRPPB0000060treebank</tb>
<tb>WRPPB0000061treebank</tb>
<tb>WRPPB0000062treebank</tb>
<tb>WRPPB0000063treebank</tb>
<tb>WRPPB0000064treebank</tb>
<tb>WRPPB0000065treebank</tb>
<tb>WRPPB0000066treebank</tb>
<tb>WRPPB0000067treebank</tb>
<tb>WRPPB0000068treebank</tb>
<tb>WRPPB0000069treebank</tb>
<tb>WRPPB0000070treebank</tb>
<tb>WRPPB0000071treebank</tb>
<tb>WRPPB0000072treebank</tb>
<tb>WRPPB0000073treebank</tb>
<tb>WRPPB0000074treebank</tb>
<tb>WRPPB0000075treebank</tb>
<tb>WRPPB0000076treebank</tb>
<tb>WRPPB0000077treebank</tb>
<tb>WRPPB0000078treebank</tb>
<tb>WRPPB0000079treebank</tb>
<tb>WRPPB0000080treebank</tb>
<tb>WRPPB0000081treebank</tb>
<tb>WRPPB0000082treebank</tb>
<tb>WRPPB0000083treebank</tb>
<tb>WRPPB0000084treebank</tb>
<tb>WRPPB0000085treebank</tb>
<tb>WRPPB0000086treebank</tb>
<tb>WRPPB0000087treebank</tb>
<tb>WRPPB0000088treebank</tb>
<tb>WRPPB0000089treebank</tb>
<tb>WRPPB0000090treebank</tb>
<tb>WRPPB0000091treebank</tb>
<tb>WRPPB0000092treebank</tb>
<tb>WRPPB0000093treebank</tb>
<tb>WRPPB0000094treebank</tb>
<tb>WRPPB0000095treebank</tb>
<tb>WRPPB0000096treebank</tb>
<tb>WRPPB0000097treebank</tb>
<tb>WRPPB0000098treebank</tb>
<tb>WRPPB0000099treebank</tb>
<tb>WRPPB0000100treebank</tb>
<tb>WRPPB0000101treebank</tb>
<tb>WRPPB0000102treebank</tb>
<tb>WRPPB0000103treebank</tb>
<tb>WRPPB0000104treebank</tb>
<tb>WRPPB0000105treebank</tb>
<tb>WRPPB0000106treebank</tb>
<tb>WRPPB0000107treebank</tb>
<tb>WRPPB0000108treebank</tb>
<tb>WRPPB0000109treebank</tb>
<tb>WRPPB0000110treebank</tb>
<tb>WRPPB0000111treebank</tb>
<tb>WRPPB0000112treebank</tb>
<tb>WRPPB0000113treebank</tb>
<tb>WRPPB0000114treebank</tb>
<tb>WRPPB0000115treebank</tb>
<tb>WRPPB0000116treebank</tb>
<tb>WRPPB0000117treebank</tb>
<tb>WRPPB0000118treebank</tb>
<tb>WRPPB0000119treebank</tb>
<tb>WRPPB0000120treebank</tb>
<tb>WRPPB0000121treebank</tb>
<tb>WRPPB0000122treebank</tb>
<tb>WRPPB0000123treebank</tb>
<tb>WRPPB0000124treebank</tb>
<tb>WRPPB0000125treebank</tb>
<tb>WRPPB0000126treebank</tb>
<tb>WRPPB0000127treebank</tb>
<tb>WRPPB0000128treebank</tb>
<tb>WRPPB0000129treebank</tb>
<tb>WRPPB0000130treebank</tb>
<tb>WRPPB0000131treebank</tb>
<tb>WRPPB0000132treebank</tb>
<tb>WRPPB0000133treebank</tb>
<tb>WRPPB0000134treebank</tb>
<tb>WRPPB0000135treebank</tb>
<tb>WRPPB0000136treebank</tb>
<tb>WRPPB0000137treebank</tb>
<tb>WRPPB0000138treebank</tb>
<tb>WRPPB0000139treebank</tb>
<tb>WRPPB0000140treebank</tb>
<tb>WRPPB0000141treebank</tb>
<tb>WRPPB0000142treebank</tb>
<tb>WRPPB0000143treebank</tb>
<tb>WRPPB0000144treebank</tb>
<tb>WRPPB0000145treebank</tb>
<tb>WRPPB0000146treebank</tb>
<tb>WRPPB0000147treebank</tb>
<tb>WRPPB0000148treebank</tb>
<tb>WRPPB0000149treebank</tb>
<tb>WRPPB0000150treebank</tb>
<tb>WRPPB0000151treebank</tb>
<tb>WRPPB0000152treebank</tb>
<tb>WRPPB0000153treebank</tb>
<tb>WRPPB0000154treebank</tb>
<tb>WRPPB0000155treebank</tb>
<tb>WRPPB0000156treebank</tb>
<tb>WRPPB0000157treebank</tb>
<tb>WRPPB0000158treebank</tb>
<tb>WRPPB0000159treebank</tb>
<tb>WRPPB0000160treebank</tb>
<tb>WRPPB0000161treebank</tb>
<tb>WRPPB0000162treebank</tb>
<tb>WRPPB0000163treebank</tb>
<tb>WRPPB0000164treebank</tb>
<tb>WRPPB0000165treebank</tb>
<tb>WRPPB0000166treebank</tb>
<tb>WRPPB0000167treebank</tb>
<tb>WRPPB0000168treebank</tb>
<tb>WRPPB0000169treebank</tb>
<tb>WRPPB0000170treebank</tb>
<tb>WRPPB0000171treebank</tb>
<tb>WRPPB0000172treebank</tb>
<tb>WRPPB0000173treebank</tb>
<tb>WRPPB0000174treebank</tb>
<tb>WRPPB0000175treebank</tb>
<tb>WRPPB0000176treebank</tb>
<tb>WRPPB0000177treebank</tb>
<tb>WRPPB0000178treebank</tb>
<tb>WRPPB0000179treebank</tb>
<tb>WRPPB0000180treebank</tb>
<tb>WRPPB0000181treebank</tb>
<tb>WRPPB0000182treebank</tb>
<tb>WRPPB0000183treebank</tb>
<tb>WRPPB0000184treebank</tb>
<tb>WRPPB0000185treebank</tb>
<tb>WRPPB0000186treebank</tb>
<tb>WRPPB0000187treebank</tb>
<tb>WRPPB0000188treebank</tb>
<tb>WRPPB0000189treebank</tb>
<tb>WRPPB0000190treebank</tb>
<tb>WRPPB0000191treebank</tb>
<tb>WRPPB0000192treebank</tb>
<tb>WRPPB0000193treebank</tb>
<tb>WRPPB0000194treebank</tb>
<tb>WRPPB0000195treebank</tb>
<tb>WRPPB0000196treebank</tb>
<tb>WRPPB0000197treebank</tb>
<tb>WRPPB0000198treebank</tb>
<tb>WRPPB0000199treebank</tb>
<tb>WRPPB0000200treebank</tb>
<tb>WRPPB0000201treebank</tb>
<tb>WRPPB0000202treebank</tb>
<tb>WRPPB0000203treebank</tb>
<tb>WRPPB0000204treebank</tb>
<tb>WRPPB0000205treebank</tb>
<tb>WRPPB0000206treebank</tb>
<tb>WRPPB0000207treebank</tb>
<tb>WRPPB0000208treebank</tb>