<tb>WRUEA0000000treebank</tb>
<tb>WRUEA0000001treebank</tb>
<tb>WRUEA0000002treebank</tb>
<tb>WRUEA0000003treebank</tb>
<tb>WRUEA0000004treebank</tb>
<tb>WRUEA0000005treebank</tb>
<tb>WRUEA0000006treebank</tb>
<tb>WRUEA0000007treebank</tb>
<tb>WRUEA0000008treebank</tb>
<tb>WRUEA0000009treebank</tb>
<tb>WRUEA0000010treebank</tb>
<tb>WRUEA0000011treebank</tb>
<tb>WRUEA0000012treebank</tb>
<tb>WRUEA0000013treebank</tb>
<tb>WRUEA0000014treebank</tb>
<tb>WRUEA0000015treebank</tb>
<tb>WRUEA0000016treebank</tb>
<tb>WRUEA0000017treebank</tb>
<tb>WRUEA0000018treebank</tb>
<tb>WRUEA0000019treebank</tb>
<tb>WRUEA0000020treebank</tb>
<tb>WRUEA0000021treebank</tb>
<tb>WRUEA0000022treebank</tb>
<tb>WRUEA0000023treebank</tb>
<tb>WRUEA0000024treebank</tb>
<tb>WRUEA0000025treebank</tb>
<tb>WRUEA0000026treebank</tb>
<tb>WRUEA0000027treebank</tb>
<tb>WRUEA0000028treebank</tb>
<tb>WRUEA0000029treebank</tb>
<tb>WRUEA0000030treebank</tb>
<tb>WRUEA0000031treebank</tb>
<tb>WRUEA0000032treebank</tb>
<tb>WRUEA0000033treebank</tb>
<tb>WRUEA0000034treebank</tb>
<tb>WRUEA0000035treebank</tb>
<tb>WRUEA0000036treebank</tb>
<tb>WRUEA0000037treebank</tb>
<tb>WRUEA0000038treebank</tb>
<tb>WRUEA0000039treebank</tb>
<tb>WRUEA0000040treebank</tb>
<tb>WRUEA0000041treebank</tb>
<tb>WRUEA0000042treebank</tb>
<tb>WRUEA0000043treebank</tb>
<tb>WRUEA0000044treebank</tb>
<tb>WRUEA0000045treebank</tb>
<tb>WRUEA0000046treebank</tb>
<tb>WRUEA0000047treebank</tb>
<tb>WRUEA0000048treebank</tb>
<tb>WRUEA0000049treebank</tb>
<tb>WRUEA0000050treebank</tb>
<tb>WRUEA0000051treebank</tb>
<tb>WRUEA0000052treebank</tb>
<tb>WRUEA0000053treebank</tb>
<tb>WRUEA0000054treebank</tb>
<tb>WRUEA0000055treebank</tb>
<tb>WRUEA0000056treebank</tb>
<tb>WRUEA0000057treebank</tb>
<tb>WRUEA0000058treebank</tb>
<tb>WRUEA0000059treebank</tb>
<tb>WRUEA0000060treebank</tb>
<tb>WRUEA0000061treebank</tb>
<tb>WRUEA0000062treebank</tb>
<tb>WRUEA0000063treebank</tb>
<tb>WRUEA0000064treebank</tb>
<tb>WRUEA0000065treebank</tb>
<tb>WRUEA0000066treebank</tb>
<tb>WRUEA0000067treebank</tb>
<tb>WRUEA0000068treebank</tb>
<tb>WRUEA0000069treebank</tb>
<tb>WRUEA0000070treebank</tb>
<tb>WRUEA0000071treebank</tb>
<tb>WRUEA0000072treebank</tb>
<tb>WRUEA0000073treebank</tb>
<tb>WRUEA0000074treebank</tb>
<tb>WRUEA0000075treebank</tb>
<tb>WRUEA0000076treebank</tb>
<tb>WRUEA0000077treebank</tb>
<tb>WRUEA0000078treebank</tb>
<tb>WRUEA0000079treebank</tb>
<tb>WRUEA0000080treebank</tb>
<tb>WRUEA0000081treebank</tb>
<tb>WRUEA0000082treebank</tb>
<tb>WRUEA0000083treebank</tb>
<tb>WRUEA0000084treebank</tb>
<tb>WRUEA0000085treebank</tb>
<tb>WRUEA0000086treebank</tb>
<tb>WRUEA0000087treebank</tb>
<tb>WRUEA0000088treebank</tb>
<tb>WRUEA0000089treebank</tb>
<tb>WRUEA0000090treebank</tb>
<tb>WRUEA0000091treebank</tb>
<tb>WRUEA0000092treebank</tb>
<tb>WRUEA0000093treebank</tb>
<tb>WRUEA0000094treebank</tb>
<tb>WRUEA0000095treebank</tb>
<tb>WRUEA0000096treebank</tb>
<tb>WRUEA0000097treebank</tb>
<tb>WRUEA0000098treebank</tb>
<tb>WRUEA0000099treebank</tb>
<tb>WRUEA0000100treebank</tb>
<tb>WRUEA0000101treebank</tb>
<tb>WRUEA0000102treebank</tb>
<tb>WRUEA0000103treebank</tb>
<tb>WRUEA0000104treebank</tb>
<tb>WRUEA0000105treebank</tb>
<tb>WRUEA0000106treebank</tb>
<tb>WRUEA0000107treebank</tb>
<tb>WRUEA0000108treebank</tb>
<tb>WRUEA0000109treebank</tb>
<tb>WRUEA0000110treebank</tb>
<tb>WRUEA0000111treebank</tb>
<tb>WRUEA0000112treebank</tb>
<tb>WRUEA0000113treebank</tb>
<tb>WRUEA0000114treebank</tb>
<tb>WRUEA0000115treebank</tb>
<tb>WRUEA0000116treebank</tb>
<tb>WRUEA0000117treebank</tb>
<tb>WRUEA0000118treebank</tb>
<tb>WRUEA0000119treebank</tb>
<tb>WRUEA0000120treebank</tb>
<tb>WRUEA0000121treebank</tb>
<tb>WRUEA0000122treebank</tb>
<tb>WRUEA0000123treebank</tb>
<tb>WRUEA0000124treebank</tb>
<tb>WRUEA0000125treebank</tb>
<tb>WRUEA0000126treebank</tb>
<tb>WRUEA0000127treebank</tb>
<tb>WRUEA0000128treebank</tb>
<tb>WRUEA0000129treebank</tb>
<tb>WRUEA0000130treebank</tb>
<tb>WRUEA0000131treebank</tb>
<tb>WRUEA0000132treebank</tb>
<tb>WRUEA0000133treebank</tb>
<tb>WRUEA0000134treebank</tb>
<tb>WRUEA0000135treebank</tb>
<tb>WRUEA0000136treebank</tb>
<tb>WRUEA0000137treebank</tb>
<tb>WRUEA0000138treebank</tb>
<tb>WRUEA0000139treebank</tb>
<tb>WRUEA0000140treebank</tb>
<tb>WRUEA0000141treebank</tb>
<tb>WRUEA0000142treebank</tb>
<tb>WRUEA0000143treebank</tb>
<tb>WRUEA0000144treebank</tb>
<tb>WRUEA0000145treebank</tb>
<tb>WRUEA0000146treebank</tb>
<tb>WRUEA0000147treebank</tb>
<tb>WRUEA0000148treebank</tb>
<tb>WRUEA0000149treebank</tb>
<tb>WRUEA0000150treebank</tb>
<tb>WRUEA0000151treebank</tb>
<tb>WRUEA0000152treebank</tb>
<tb>WRUEA0000153treebank</tb>
<tb>WRUEA0000154treebank</tb>
<tb>WRUEA0000155treebank</tb>
<tb>WRUEA0000156treebank</tb>
<tb>WRUEA0000157treebank</tb>
<tb>WRUEA0000158treebank</tb>
<tb>WRUEA0000159treebank</tb>
<tb>WRUEA0000160treebank</tb>
<tb>WRUEA0000161treebank</tb>
<tb>WRUEA0000162treebank</tb>
<tb>WRUEA0000163treebank</tb>
<tb>WRUEA0000164treebank</tb>
<tb>WRUEA0000165treebank</tb>
<tb>WRUEA0000166treebank</tb>
<tb>WRUEA0000167treebank</tb>
<tb>WRUEA0000168treebank</tb>
<tb>WRUEA0000169treebank</tb>
<tb>WRUEA0000170treebank</tb>
<tb>WRUEA0000171treebank</tb>
<tb>WRUEA0000172treebank</tb>
<tb>WRUEA0000173treebank</tb>
<tb>WRUEA0000174treebank</tb>
<tb>WRUEA0000175treebank</tb>
<tb>WRUEA0000176treebank</tb>
<tb>WRUEA0000177treebank</tb>
<tb>WRUEA0000178treebank</tb>
<tb>WRUEA0000179treebank</tb>
<tb>WRUEA0000180treebank</tb>
<tb>WRUEA0000181treebank</tb>
<tb>WRUEA0000182treebank</tb>
<tb>WRUEA0000183treebank</tb>
<tb>WRUEA0000184treebank</tb>
<tb>WRUEA0000185treebank</tb>
<tb>WRUEA0000186treebank</tb>
<tb>WRUEA0000187treebank</tb>