<tb>WSUEA0000000treebank</tb>
<tb>WSUEA0000001treebank</tb>
<tb>WSUEA0000002treebank</tb>
<tb>WSUEA0000003treebank</tb>
<tb>WSUEA0000004treebank</tb>
<tb>WSUEA0000005treebank</tb>
<tb>WSUEA0000006treebank</tb>
<tb>WSUEA0000007treebank</tb>
<tb>WSUEA0000008treebank</tb>
<tb>WSUEA0000009treebank</tb>
<tb>WSUEA0000010treebank</tb>
<tb>WSUEA0000011treebank</tb>
<tb>WSUEA0000012treebank</tb>
<tb>WSUEA0000013treebank</tb>
<tb>WSUEA0000014treebank</tb>
<tb>WSUEA0000015treebank</tb>
<tb>WSUEA0000016treebank</tb>
<tb>WSUEA0000017treebank</tb>
<tb>WSUEA0000018treebank</tb>
<tb>WSUEA0000019treebank</tb>
<tb>WSUEA0000020treebank</tb>
<tb>WSUEA0000021treebank</tb>
<tb>WSUEA0000022treebank</tb>
<tb>WSUEA0000023treebank</tb>
<tb>WSUEA0000024treebank</tb>
<tb>WSUEA0000025treebank</tb>
<tb>WSUEA0000026treebank</tb>
<tb>WSUEA0000027treebank</tb>
<tb>WSUEA0000028treebank</tb>
<tb>WSUEA0000029treebank</tb>
<tb>WSUEA0000030treebank</tb>
<tb>WSUEA0000031treebank</tb>
<tb>WSUEA0000032treebank</tb>
<tb>WSUEA0000033treebank</tb>
<tb>WSUEA0000034treebank</tb>
<tb>WSUEA0000035treebank</tb>
<tb>WSUEA0000036treebank</tb>
<tb>WSUEA0000037treebank</tb>
<tb>WSUEA0000038treebank</tb>
<tb>WSUEA0000039treebank</tb>
<tb>WSUEA0000040treebank</tb>
<tb>WSUEA0000041treebank</tb>
<tb>WSUEA0000042treebank</tb>
<tb>WSUEA0000043treebank</tb>
<tb>WSUEA0000044treebank</tb>
<tb>WSUEA0000045treebank</tb>
<tb>WSUEA0000046treebank</tb>
<tb>WSUEA0000047treebank</tb>
<tb>WSUEA0000048treebank</tb>
<tb>WSUEA0000049treebank</tb>
<tb>WSUEA0000050treebank</tb>
<tb>WSUEA0000051treebank</tb>
<tb>WSUEA0000052treebank</tb>
<tb>WSUEA0000053treebank</tb>
<tb>WSUEA0000054treebank</tb>
<tb>WSUEA0000055treebank</tb>
<tb>WSUEA0000056treebank</tb>
<tb>WSUEA0000057treebank</tb>
<tb>WSUEA0000058treebank</tb>
<tb>WSUEA0000059treebank</tb>
<tb>WSUEA0000060treebank</tb>
<tb>WSUEA0000061treebank</tb>
<tb>WSUEA0000062treebank</tb>
<tb>WSUEA0000063treebank</tb>
<tb>WSUEA0000064treebank</tb>
<tb>WSUEA0000065treebank</tb>
<tb>WSUEA0000066treebank</tb>
<tb>WSUEA0000067treebank</tb>
<tb>WSUEA0000068treebank</tb>
<tb>WSUEA0000069treebank</tb>
<tb>WSUEA0000070treebank</tb>
<tb>WSUEA0000071treebank</tb>
<tb>WSUEA0000072treebank</tb>
<tb>WSUEA0000073treebank</tb>
<tb>WSUEA0000074treebank</tb>
<tb>WSUEA0000075treebank</tb>
<tb>WSUEA0000076treebank</tb>
<tb>WSUEA0000077treebank</tb>
<tb>WSUEA0000078treebank</tb>
<tb>WSUEA0000079treebank</tb>
<tb>WSUEA0000080treebank</tb>
<tb>WSUEA0000081treebank</tb>
<tb>WSUEA0000082treebank</tb>
<tb>WSUEA0000083treebank</tb>
<tb>WSUEA0000084treebank</tb>
<tb>WSUEA0000085treebank</tb>
<tb>WSUEA0000086treebank</tb>
<tb>WSUEA0000087treebank</tb>
<tb>WSUEA0000088treebank</tb>
<tb>WSUEA0000089treebank</tb>
<tb>WSUEA0000090treebank</tb>
<tb>WSUEA0000091treebank</tb>
<tb>WSUEA0000092treebank</tb>
<tb>WSUEA0000093treebank</tb>
<tb>WSUEA0000094treebank</tb>
<tb>WSUEA0000095treebank</tb>
<tb>WSUEA0000096treebank</tb>
<tb>WSUEA0000097treebank</tb>
<tb>WSUEA0000098treebank</tb>
<tb>WSUEA0000099treebank</tb>
<tb>WSUEA0000100treebank</tb>
<tb>WSUEA0000101treebank</tb>
<tb>WSUEA0000102treebank</tb>
<tb>WSUEA0000103treebank</tb>
<tb>WSUEA0000104treebank</tb>
<tb>WSUEA0000105treebank</tb>
<tb>WSUEA0000106treebank</tb>
<tb>WSUEA0000107treebank</tb>
<tb>WSUEA0000108treebank</tb>
<tb>WSUEA0000109treebank</tb>
<tb>WSUEA0000110treebank</tb>
<tb>WSUEA0000111treebank</tb>
<tb>WSUEA0000112treebank</tb>
<tb>WSUEA0000113treebank</tb>
<tb>WSUEA0000114treebank</tb>
<tb>WSUEA0000115treebank</tb>
<tb>WSUEA0000116treebank</tb>
<tb>WSUEA0000117treebank</tb>
<tb>WSUEA0000118treebank</tb>
<tb>WSUEA0000119treebank</tb>
<tb>WSUEA0000120treebank</tb>
<tb>WSUEA0000121treebank</tb>
<tb>WSUEA0000122treebank</tb>
<tb>WSUEA0000123treebank</tb>
<tb>WSUEA0000124treebank</tb>
<tb>WSUEA0000125treebank</tb>
<tb>WSUEA0000126treebank</tb>
<tb>WSUEA0000127treebank</tb>
<tb>WSUEA0000128treebank</tb>
<tb>WSUEA0000129treebank</tb>
<tb>WSUEA0000130treebank</tb>
<tb>WSUEA0000131treebank</tb>
<tb>WSUEA0000132treebank</tb>
<tb>WSUEA0000133treebank</tb>
<tb>WSUEA0000134treebank</tb>
<tb>WSUEA0000135treebank</tb>
<tb>WSUEA0000136treebank</tb>
<tb>WSUEA0000137treebank</tb>
<tb>WSUEA0000138treebank</tb>
<tb>WSUEA0000139treebank</tb>
<tb>WSUEA0000140treebank</tb>
<tb>WSUEA0000141treebank</tb>
<tb>WSUEA0000142treebank</tb>
<tb>WSUEA0000143treebank</tb>
<tb>WSUEA0000144treebank</tb>
<tb>WSUEA0000145treebank</tb>
<tb>WSUEA0000146treebank</tb>
<tb>WSUEA0000147treebank</tb>
<tb>WSUEA0000148treebank</tb>
<tb>WSUEA0000149treebank</tb>
<tb>WSUEA0000150treebank</tb>
<tb>WSUEA0000151treebank</tb>
<tb>WSUEA0000152treebank</tb>
<tb>WSUEA0000153treebank</tb>
<tb>WSUEA0000154treebank</tb>
<tb>WSUEA0000155treebank</tb>
<tb>WSUEA0000156treebank</tb>
<tb>WSUEA0000157treebank</tb>
<tb>WSUEA0000158treebank</tb>
<tb>WSUEA0000159treebank</tb>
<tb>WSUEA0000160treebank</tb>
<tb>WSUEA0000161treebank</tb>
<tb>WSUEA0000162treebank</tb>
<tb>WSUEA0000163treebank</tb>
<tb>WSUEA0000164treebank</tb>
<tb>WSUEA0000165treebank</tb>
<tb>WSUEA0000166treebank</tb>
<tb>WSUEA0000167treebank</tb>
<tb>WSUEA0000168treebank</tb>
<tb>WSUEA0000169treebank</tb>
<tb>WSUEA0000170treebank</tb>
<tb>WSUEA0000171treebank</tb>
<tb>WSUEA0000172treebank</tb>
<tb>WSUEA0000173treebank</tb>
<tb>WSUEA0000174treebank</tb>
<tb>WSUEA0000175treebank</tb>
<tb>WSUEA0000176treebank</tb>
<tb>WSUEA0000177treebank</tb>
<tb>WSUEA0000178treebank</tb>
<tb>WSUEA0000179treebank</tb>
<tb>WSUEA0000180treebank</tb>
<tb>WSUEA0000181treebank</tb>
<tb>WSUEA0000182treebank</tb>
<tb>WSUEA0000183treebank</tb>
<tb>WSUEA0000184treebank</tb>
<tb>WSUEA0000185treebank</tb>
<tb>WSUEA0000186treebank</tb>
<tb>WSUEA0000187treebank</tb>
<tb>WSUEA0000188treebank</tb>
<tb>WSUEA0000189treebank</tb>
<tb>WSUEA0000190treebank</tb>
<tb>WSUEA0000191treebank</tb>
<tb>WSUEA0000192treebank</tb>
<tb>WSUEA0000193treebank</tb>
<tb>WSUEA0000194treebank</tb>
<tb>WSUEA0000195treebank</tb>
<tb>WSUEA0000196treebank</tb>
<tb>WSUEA0000197treebank</tb>
<tb>WSUEA0000198treebank</tb>
<tb>WSUEA0000199treebank</tb>
<tb>WSUEA0000200treebank</tb>
<tb>WSUEA0000201treebank</tb>
<tb>WSUEA0000202treebank</tb>
<tb>WSUEA0000203treebank</tb>
<tb>WSUEA0000204treebank</tb>
<tb>WSUEA0000205treebank</tb>
<tb>WSUEA0000206treebank</tb>
<tb>WSUEA0000207treebank</tb>
<tb>WSUEA0000208treebank</tb>
<tb>WSUEA0000209treebank</tb>
<tb>WSUEA0000210treebank</tb>
<tb>WSUEA0000211treebank</tb>
<tb>WSUEA0000212treebank</tb>
<tb>WSUEA0000213treebank</tb>
<tb>WSUEA0000214treebank</tb>
<tb>WSUEA0000215treebank</tb>
<tb>WSUEA0000216treebank</tb>